<html>
<body>
<pre>
<h1>µVision Build Log</h1>
<h2>Tool Versions:</h2>
IDE-Version: µVision V5.24.2.0
Copyright (C) 2017 ARM Ltd and ARM Germany GmbH. All rights reserved.
License Information: S. Saeed Hosseini, ArMAS, LIC=21EQD-88EAD-Q0TNJ-UNC7U-YASN1-9KDPI
 
Tool Versions:
Toolchain:       MDK-ARM Plus  Version: 5.24.1
Toolchain Path:  C:\Program Files (x86)\ARM\ARMCC\Bin
C Compiler:      Armcc.exe V5.06 update 5 (build 528)
Assembler:       Armasm.exe V5.06 update 5 (build 528)
Linker/Locator:  ArmLink.exe V5.06 update 5 (build 528)
Library Manager: ArmAr.exe V5.06 update 5 (build 528)
Hex Converter:   FromElf.exe V5.06 update 5 (build 528)
CPU DLL:         SARMCM3.DLL V5.24.1
Dialog DLL:      DCM.DLL V1.16.0.0
Target DLL:      STLink\ST-LINKIII-KEIL_SWO.dll V3.0.1.0
Dialog DLL:      TCM.DLL V1.32.0.0
 
<h2>Project:</h2>
C:\Users\S.S.H\Desktop\alcd\LiquidCrystal\examples\HelloWorld\HelloWorld.uvprojx
Project File Date:  04/14/2018

<h2>Output:</h2>
*** Using Compiler 'V5.06 update 5 (build 528)', folder: 'C:\Program Files (x86)\ARM\ARMCC\Bin'
Rebuild target 'Target 1'
compiling main.c...
compiling LiquidCrystal.c...
compiling stm32f3xx_hal_flash_ex.c...
compiling stm32f3xx_hal_gpio.c...
compiling stm32f3xx_hal.c...
assembling startup_stm32f303xc.s...
compiling stm32f3xx_hal_cortex.c...
compiling stm32f3xx_hal_flash.c...
compiling system_stm32f3xx.c...
compiling stm32f3xx_hal_rcc.c...
compiling stm32f3xx_hal_rcc_ex.c...
linking...
Program Size: Code=8068 RO-data=600 RW-data=32 ZI-data=1648  
".\Objects\HelloWorld.axf" - 0 Error(s), 0 Warning(s).

<h2>Software Packages used:</h2>

Package Vendor: ARM
                http://www.keil.com/pack/ARM.CMSIS.5.3.0.pack
                ARM.CMSIS.5.3.0
                CMSIS (Cortex Microcontroller Software Interface Standard)
   * Component: CORE Version: 5.1.1

Package Vendor: Keil
                http://www.keil.com/pack/Keil.STM32F3xx_DFP.2.1.0.pack
                Keil.STM32F3xx_DFP.2.1.0
                STMicroelectronics STM32F3 Series Device Support and Examples
   * Component: Startup Version: 1.0.0
   * Component: RCC Version: 1.9.0
   * Component: GPIO Version: 1.9.0
   * Component: FLASH Version: 1.9.0
   * Component: CORTEX Version: 1.9.0
   * Component: COMMON Version: 1.9.0

<h2>Collection of Component include folders:</h2>
  .\RTE\Device\STM32F303VCTx
  .\RTE\_Target_1
  C:\Program Files (x86)\ARM\PACK\ARM\CMSIS\5.3.0\CMSIS\Include
  C:\Program Files (x86)\ARM\PACK\Keil\STM32F3xx_DFP\2.1.0\Drivers\CMSIS\Device\ST\STM32F3xx\Include
  C:\Program Files (x86)\ARM\PACK\Keil\STM32F3xx_DFP\2.1.0\Drivers\STM32F3xx_HAL_Driver\Inc
  C:\Program Files (x86)\ARM\PACK\Keil\STM32F3xx_DFP\2.1.0\Drivers\STM32F3xx_HAL_Driver\Inc\Legacy

<h2>Collection of Component Files used:</h2>

   * Component: Keil.Standalone::Device:Startup:1.0.0
      Source file:   MDK\Device\Source\ARM\STM32F3xx_OPT.s
      Source file:   Drivers\CMSIS\Device\ST\STM32F3xx\Source\Templates\arm\startup_stm32f303xc.s
      Include file:  Drivers\CMSIS\Device\ST\STM32F3xx\Include\stm32f3xx.h
      Source file:   Drivers\CMSIS\Device\ST\STM32F3xx\Source\Templates\system_stm32f3xx.c

   * Component: Keil.Standalone::Device:STM32Cube HAL:RCC:1.9.0
      Source file:   Drivers\STM32F3xx_HAL_Driver\Src\stm32f3xx_hal_rcc.c
      Source file:   Drivers\STM32F3xx_HAL_Driver\Src\stm32f3xx_hal_rcc_ex.c

   * Component: Keil.Standalone::Device:STM32Cube HAL:GPIO:1.9.0
      Source file:   Drivers\STM32F3xx_HAL_Driver\Src\stm32f3xx_hal_gpio.c

   * Component: Keil.Standalone::Device:STM32Cube HAL:FLASH:1.9.0
      Source file:   Drivers\STM32F3xx_HAL_Driver\Src\stm32f3xx_hal_flash.c
      Source file:   Drivers\STM32F3xx_HAL_Driver\Src\stm32f3xx_hal_flash_ex.c

   * Component: Keil.Standalone::Device:STM32Cube HAL:CORTEX:1.9.0
      Source file:   Drivers\STM32F3xx_HAL_Driver\Src\stm32f3xx_hal_cortex.c

   * Component: Keil.Standalone::Device:STM32Cube HAL:COMMON:1.9.0
      Source file:   Drivers\STM32F3xx_HAL_Driver\Src\stm32f3xx_hal.c
      Include file:  Drivers\STM32F3xx_HAL_Driver\Inc\Legacy\stm32_hal_legacy.h
      Source file:   MDK\Templates\Src\stm32f3xx_hal_msp.c
      Include file:  MDK\Templates\Inc\main.h
      Source file:   MDK\Templates\Src\stm32f3xx_it.c
      Include file:  Drivers\STM32F3xx_HAL_Driver\Inc\stm32f3xx_hal.h
      Include file:  Drivers\STM32F3xx_HAL_Driver\Inc\stm32f3xx_hal_def.h
      Source file:   MDK\Templates\Src\main.c
      Include file:  MDK\Templates\Inc\stm32f3xx_hal_conf.h
      Include file:  MDK\Templates\Inc\stm32f3xx_it.h

   * Component: ARM::CMSIS:CORE:5.1.1
Build Time Elapsed:  00:00:08
</pre>
</body>
</html>
