Component: ARM Compiler 5.06 update 5 (build 528) Tool: armlink [4d35e2]

==============================================================================

Section Cross References

    liquidcrystal.o(i.LiquidCrystal) refers to liquidcrystal.o(i.init) for init
    liquidcrystal.o(i.LiquidCrystal) refers to liquidcrystal.o(.data) for _fourbit_mode
    liquidcrystal.o(i.autoscroll) refers to liquidcrystal.o(i.command) for command
    liquidcrystal.o(i.autoscroll) refers to liquidcrystal.o(.data) for _displaymode
    liquidcrystal.o(i.begin) refers to liquidcrystal.o(i.setRowOffsets) for setRowOffsets
    liquidcrystal.o(i.begin) refers to liquidcrystal.o(i.enableClock) for enableClock
    liquidcrystal.o(i.begin) refers to stm32f3xx_hal_gpio.o(i.HAL_GPIO_Init) for HAL_GPIO_Init
    liquidcrystal.o(i.begin) refers to stm32f3xx_hal.o(i.HAL_Delay) for HAL_Delay
    liquidcrystal.o(i.begin) refers to stm32f3xx_hal_gpio.o(i.HAL_GPIO_WritePin) for HAL_GPIO_WritePin
    liquidcrystal.o(i.begin) refers to liquidcrystal.o(i.write4bits) for write4bits
    liquidcrystal.o(i.begin) refers to liquidcrystal.o(i.command) for command
    liquidcrystal.o(i.begin) refers to liquidcrystal.o(i.display) for display
    liquidcrystal.o(i.begin) refers to liquidcrystal.o(i.clear) for clear
    liquidcrystal.o(i.begin) refers to liquidcrystal.o(.data) for _displayfunction
    liquidcrystal.o(i.begin) refers to liquidcrystal.o(.bss) for _data_pins
    liquidcrystal.o(i.blink) refers to liquidcrystal.o(i.command) for command
    liquidcrystal.o(i.blink) refers to liquidcrystal.o(.data) for _displaycontrol
    liquidcrystal.o(i.clear) refers to liquidcrystal.o(i.command) for command
    liquidcrystal.o(i.clear) refers to stm32f3xx_hal.o(i.HAL_Delay) for HAL_Delay
    liquidcrystal.o(i.createChar) refers to liquidcrystal.o(i.command) for command
    liquidcrystal.o(i.createChar) refers to liquidcrystal.o(i.write) for write
    liquidcrystal.o(i.cursor) refers to liquidcrystal.o(i.command) for command
    liquidcrystal.o(i.cursor) refers to liquidcrystal.o(.data) for _displaycontrol
    liquidcrystal.o(i.display) refers to liquidcrystal.o(i.command) for command
    liquidcrystal.o(i.display) refers to liquidcrystal.o(.data) for _displaycontrol
    liquidcrystal.o(i.enableClock) refers to liquidcrystal.o(.data) for _port
    liquidcrystal.o(i.home) refers to liquidcrystal.o(i.command) for command
    liquidcrystal.o(i.home) refers to stm32f3xx_hal.o(i.HAL_Delay) for HAL_Delay
    liquidcrystal.o(i.init) refers to liquidcrystal.o(i.begin) for begin
    liquidcrystal.o(i.init) refers to liquidcrystal.o(.data) for _rs_pin
    liquidcrystal.o(i.init) refers to liquidcrystal.o(.bss) for _data_pins
    liquidcrystal.o(i.leftToRight) refers to liquidcrystal.o(i.command) for command
    liquidcrystal.o(i.leftToRight) refers to liquidcrystal.o(.data) for _displaymode
    liquidcrystal.o(i.noAutoscroll) refers to liquidcrystal.o(i.command) for command
    liquidcrystal.o(i.noAutoscroll) refers to liquidcrystal.o(.data) for _displaymode
    liquidcrystal.o(i.noBlink) refers to liquidcrystal.o(i.command) for command
    liquidcrystal.o(i.noBlink) refers to liquidcrystal.o(.data) for _displaycontrol
    liquidcrystal.o(i.noCursor) refers to liquidcrystal.o(i.command) for command
    liquidcrystal.o(i.noCursor) refers to liquidcrystal.o(.data) for _displaycontrol
    liquidcrystal.o(i.noDisplay) refers to liquidcrystal.o(i.command) for command
    liquidcrystal.o(i.noDisplay) refers to liquidcrystal.o(.data) for _displaycontrol
    liquidcrystal.o(i.print) refers to strlen.o(.text) for strlen
    liquidcrystal.o(i.print) refers to liquidcrystal.o(i.write) for write
    liquidcrystal.o(i.pulseEnable) refers to stm32f3xx_hal_gpio.o(i.HAL_GPIO_WritePin) for HAL_GPIO_WritePin
    liquidcrystal.o(i.pulseEnable) refers to stm32f3xx_hal.o(i.HAL_Delay) for HAL_Delay
    liquidcrystal.o(i.pulseEnable) refers to liquidcrystal.o(.data) for _enable_pin
    liquidcrystal.o(i.rightToLeft) refers to liquidcrystal.o(i.command) for command
    liquidcrystal.o(i.rightToLeft) refers to liquidcrystal.o(.data) for _displaymode
    liquidcrystal.o(i.scrollDisplayLeft) refers to liquidcrystal.o(i.command) for command
    liquidcrystal.o(i.scrollDisplayRight) refers to liquidcrystal.o(i.command) for command
    liquidcrystal.o(i.send) refers to stm32f3xx_hal_gpio.o(i.HAL_GPIO_WritePin) for HAL_GPIO_WritePin
    liquidcrystal.o(i.send) refers to liquidcrystal.o(i.write8bits) for write8bits
    liquidcrystal.o(i.send) refers to liquidcrystal.o(i.write4bits) for write4bits
    liquidcrystal.o(i.send) refers to liquidcrystal.o(.data) for _rs_pin
    liquidcrystal.o(i.setCursor) refers to liquidcrystal.o(i.command) for command
    liquidcrystal.o(i.setCursor) refers to liquidcrystal.o(.data) for _numlines
    liquidcrystal.o(i.setRowOffsets) refers to liquidcrystal.o(.data) for _row_offsets
[...]
    libinit.o(.ARM.Collect$$libinit$$00000000) refers (Special) to libinit2.o(.ARM.Collect$$libinit$$00000023) for __rt_lib_init_getenv_1
    libinit.o(.ARM.Collect$$libinit$$00000000) refers (Special) to libinit2.o(.ARM.Collect$$libinit$$0000000A) for __rt_lib_init_heap_1
    libinit.o(.ARM.Collect$$libinit$$00000000) refers (Special) to libinit2.o(.ARM.Collect$$libinit$$00000011) for __rt_lib_init_lc_collate_1
    libinit.o(.ARM.Collect$$libinit$$00000000) refers (Special) to libinit2.o(.ARM.Collect$$libinit$$00000013) for __rt_lib_init_lc_ctype_1
    libinit.o(.ARM.Collect$$libinit$$00000000) refers (Special) to libinit2.o(.ARM.Collect$$libinit$$00000015) for __rt_lib_init_lc_monetary_1
    libinit.o(.ARM.Collect$$libinit$$00000000) refers (Special) to libinit2.o(.ARM.Collect$$libinit$$00000017) for __rt_lib_init_lc_numeric_1
    libinit.o(.ARM.Collect$$libinit$$00000000) refers (Special) to libinit2.o(.ARM.Collect$$libinit$$00000019) for __rt_lib_init_lc_time_1
    libinit.o(.ARM.Collect$$libinit$$00000000) refers (Special) to libinit2.o(.ARM.Collect$$libinit$$00000004) for __rt_lib_init_preinit_1
    libinit.o(.ARM.Collect$$libinit$$00000000) refers (Special) to libinit2.o(.ARM.Collect$$libinit$$0000000E) for __rt_lib_init_rand_1
    libinit.o(.ARM.Collect$$libinit$$00000000) refers (Special) to libinit2.o(.ARM.Collect$$libinit$$00000033) for __rt_lib_init_return
    libinit.o(.ARM.Collect$$libinit$$00000000) refers (Special) to libinit2.o(.ARM.Collect$$libinit$$0000001D) for __rt_lib_init_signal_1
    libinit.o(.ARM.Collect$$libinit$$00000000) refers (Special) to libinit2.o(.ARM.Collect$$libinit$$00000025) for __rt_lib_init_stdio_1
    libinit.o(.ARM.Collect$$libinit$$00000000) refers (Special) to libinit2.o(.ARM.Collect$$libinit$$0000000C) for __rt_lib_init_user_alloc_1
    libinit2.o(.ARM.Collect$$libinit$$00000001) refers to fpinit.o(x$fpl$fpinit) for _fp_init
    libinit2.o(.ARM.Collect$$libinit$$0000000F) refers (Weak) to rt_locale_intlibspace.o(.text) for __rt_locale
    libinit2.o(.ARM.Collect$$libinit$$00000010) refers to libinit2.o(.ARM.Collect$$libinit$$0000000F) for .ARM.Collect$$libinit$$0000000F
    libinit2.o(.ARM.Collect$$libinit$$00000012) refers to libinit2.o(.ARM.Collect$$libinit$$0000000F) for .ARM.Collect$$libinit$$0000000F
    libinit2.o(.ARM.Collect$$libinit$$00000014) refers to libinit2.o(.ARM.Collect$$libinit$$0000000F) for .ARM.Collect$$libinit$$0000000F
    libinit2.o(.ARM.Collect$$libinit$$00000016) refers to libinit2.o(.ARM.Collect$$libinit$$0000000F) for .ARM.Collect$$libinit$$0000000F
    libinit2.o(.ARM.Collect$$libinit$$00000016) refers (Weak) to lc_numeric_c.o(locale$$code) for _get_lc_numeric
    libinit2.o(.ARM.Collect$$libinit$$00000018) refers to libinit2.o(.ARM.Collect$$libinit$$0000000F) for .ARM.Collect$$libinit$$0000000F
    libinit2.o(.ARM.Collect$$libinit$$00000026) refers to argv_veneer.o(.emb_text) for __ARM_argv_veneer
    libinit2.o(.ARM.Collect$$libinit$$00000027) refers to argv_veneer.o(.emb_text) for __ARM_argv_veneer
    rtexit.o(.ARM.Collect$$rtexit$$00000000) refers (Special) to rtexit2.o(.ARM.Collect$$rtexit$$00000004) for __rt_exit_exit
    rtexit.o(.ARM.Collect$$rtexit$$00000000) refers (Special) to rtexit2.o(.ARM.Collect$$rtexit$$00000003) for __rt_exit_ls
    rtexit.o(.ARM.Collect$$rtexit$$00000000) refers (Special) to rtexit2.o(.ARM.Collect$$rtexit$$00000002) for __rt_exit_prels_1
    rtexit.o(.ARM.exidx) refers (Special) to rtexit2.o(.ARM.Collect$$rtexit$$00000004) for __rt_exit_exit
    rtexit.o(.ARM.exidx) refers (Special) to rtexit2.o(.ARM.Collect$$rtexit$$00000003) for __rt_exit_ls
    rtexit.o(.ARM.exidx) refers (Special) to rtexit2.o(.ARM.Collect$$rtexit$$00000002) for __rt_exit_prels_1
    rtexit.o(.ARM.exidx) refers to rtexit.o(.ARM.Collect$$rtexit$$00000000) for .ARM.Collect$$rtexit$$00000000
    argv_veneer.o(.emb_text) refers to no_argv.o(.text) for __ARM_get_argv
    rtexit2.o(.ARM.Collect$$rtexit$$00000003) refers to libshutdown.o(.ARM.Collect$$libshutdown$$00000000) for __rt_lib_shutdown
    rtexit2.o(.ARM.Collect$$rtexit$$00000004) refers to sys_exit.o(.text) for _sys_exit
    rtexit2.o(.ARM.exidx) refers to rtexit2.o(.ARM.Collect$$rtexit$$00000001) for .ARM.Collect$$rtexit$$00000001
    rtexit2.o(.ARM.exidx) refers to rtexit2.o(.ARM.Collect$$rtexit$$00000003) for .ARM.Collect$$rtexit$$00000003
    rtexit2.o(.ARM.exidx) refers to rtexit2.o(.ARM.Collect$$rtexit$$00000004) for .ARM.Collect$$rtexit$$00000004
    _get_argv_nomalloc.o(.text) refers (Special) to hrguard.o(.text) for __heap_region$guard
    _get_argv_nomalloc.o(.text) refers to defsig_rtmem_outer.o(.text) for __rt_SIGRTMEM
    _get_argv_nomalloc.o(.text) refers to sys_command.o(.text) for _sys_command_string
    sys_command.o(.text) refers (Special) to use_no_semi.o(.text) for __I$use$semihosting
    sys_command.o(.text) refers (Special) to indicate_semi.o(.text) for __semihosting_library_function
    sys_exit.o(.text) refers (Special) to use_no_semi.o(.text) for __I$use$semihosting
    sys_exit.o(.text) refers (Special) to indicate_semi.o(.text) for __semihosting_library_function
    defsig_rtmem_outer.o(.text) refers to defsig_rtmem_inner.o(.text) for __rt_SIGRTMEM_inner
    defsig_rtmem_outer.o(.text) refers to defsig_exit.o(.text) for __sig_exit
    defsig_rtmem_formal.o(.text) refers to rt_raise.o(.text) for __rt_raise
    libshutdown.o(.ARM.Collect$$libshutdown$$00000000) refers (Special) to libshutdown2.o(.ARM.Collect$$libshutdown$$00000002) for __rt_lib_shutdown_cpp_1
    libshutdown.o(.ARM.Collect$$libshutdown$$00000000) refers (Special) to libshutdown2.o(.ARM.Collect$$libshutdown$$00000007) for __rt_lib_shutdown_fp_trap_1
    libshutdown.o(.ARM.Collect$$libshutdown$$00000000) refers (Special) to libshutdown2.o(.ARM.Collect$$libshutdown$$0000000F) for __rt_lib_shutdown_heap_1
    libshutdown.o(.ARM.Collect$$libshutdown$$00000000) refers (Special) to libshutdown2.o(.ARM.Collect$$libshutdown$$00000010) for __rt_lib_shutdown_return
    libshutdown.o(.ARM.Collect$$libshutdown$$00000000) refers (Special) to libshutdown2.o(.ARM.Collect$$libshutdown$$0000000A) for __rt_lib_shutdown_signal_1
    libshutdown.o(.ARM.Collect$$libshutdown$$00000000) refers (Special) to libshutdown2.o(.ARM.Collect$$libshutdown$$00000004) for __rt_lib_shutdown_stdio_1
    libshutdown.o(.ARM.Collect$$libshutdown$$00000000) refers (Special) to libshutdown2.o(.ARM.Collect$$libshutdown$$0000000C) for __rt_lib_shutdown_user_alloc_1
    rt_raise.o(.text) refers to __raise.o(.text) for __raise
    rt_raise.o(.text) refers to sys_exit.o(.text) for _sys_exit
    defsig_exit.o(.text) refers to sys_exit.o(.text) for _sys_exit
    defsig_rtmem_inner.o(.text) refers to defsig_general.o(.text) for __default_signal_display
    __raise.o(.text) refers to defsig.o(CL$$defsig) for __default_signal_handler
    defsig_general.o(.text) refers to sys_wrch.o(.text) for _ttywrch
    sys_wrch.o(.text) refers (Special) to use_no_semi.o(.text) for __I$use$semihosting
    sys_wrch.o(.text) refers (Special) to indicate_semi.o(.text) for __semihosting_library_function
    defsig.o(CL$$defsig) refers to defsig_rtmem_inner.o(.text) for __rt_SIGRTMEM_inner
    defsig_abrt_inner.o(.text) refers to defsig_general.o(.text) for __default_signal_display
    defsig_fpe_inner.o(.text) refers to defsig_general.o(.text) for __default_signal_display
    defsig_rtred_inner.o(.text) refers to defsig_general.o(.text) for __default_signal_display
    defsig_stak_inner.o(.text) refers to defsig_general.o(.text) for __default_signal_display
    defsig_pvfn_inner.o(.text) refers to defsig_general.o(.text) for __default_signal_display
    defsig_cppl_inner.o(.text) refers to defsig_general.o(.text) for __default_signal_display
    defsig_segv_inner.o(.text) refers to defsig_general.o(.text) for __default_signal_display
    defsig_other.o(.text) refers to defsig_general.o(.text) for __default_signal_display
    liquidcrystal.o(i.command) refers to liquidcrystal.o(i.send) for send
    liquidcrystal.o(i.write) refers to liquidcrystal.o(i.send) for send


==============================================================================

Removing Unused input sections from the image.

    Removing liquidcrystal.o(.rev16_text), (4 bytes).
    Removing liquidcrystal.o(.revsh_text), (4 bytes).
    Removing liquidcrystal.o(.rrx_text), (6 bytes).
    Removing liquidcrystal.o(i.autoscroll), (32 bytes).
    Removing liquidcrystal.o(i.blink), (32 bytes).
    Removing liquidcrystal.o(i.createChar), (38 bytes).
    Removing liquidcrystal.o(i.cursor), (32 bytes).
    Removing liquidcrystal.o(i.home), (16 bytes).
    Removing liquidcrystal.o(i.leftToRight), (32 bytes).
    Removing liquidcrystal.o(i.noAutoscroll), (32 bytes).
    Removing liquidcrystal.o(i.noBlink), (32 bytes).
    Removing liquidcrystal.o(i.noCursor), (32 bytes).
    Removing liquidcrystal.o(i.noDisplay), (32 bytes).
    Removing liquidcrystal.o(i.rightToLeft), (32 bytes).
    Removing liquidcrystal.o(i.scrollDisplayLeft), (10 bytes).
    Removing liquidcrystal.o(i.scrollDisplayRight), (10 bytes).
    Removing main.o(.rev16_text), (4 bytes).
    Removing main.o(.revsh_text), (4 bytes).
    Removing main.o(.rrx_text), (6 bytes).
    Removing stm32f3xx_hal.o(.rev16_text), (4 bytes).
    Removing stm32f3xx_hal.o(.revsh_text), (4 bytes).
    Removing stm32f3xx_hal.o(.rrx_text), (6 bytes).
    Removing stm32f3xx_hal.o(i.HAL_DBGMCU_DisableDBGSleepMode), (20 bytes).
    Removing stm32f3xx_hal.o(i.HAL_DBGMCU_DisableDBGStandbyMode), (20 bytes).
    Removing stm32f3xx_hal.o(i.HAL_DBGMCU_DisableDBGStopMode), (20 bytes).
    Removing stm32f3xx_hal.o(i.HAL_DBGMCU_EnableDBGSleepMode), (20 bytes).
    Removing stm32f3xx_hal.o(i.HAL_DBGMCU_EnableDBGStandbyMode), (20 bytes).
    Removing stm32f3xx_hal.o(i.HAL_DBGMCU_EnableDBGStopMode), (20 bytes).
    Removing stm32f3xx_hal.o(i.HAL_DeInit), (44 bytes).
    Removing stm32f3xx_hal.o(i.HAL_GetDEVID), (16 bytes).
    Removing stm32f3xx_hal.o(i.HAL_GetHalVersion), (8 bytes).
    Removing stm32f3xx_hal.o(i.HAL_GetREVID), (12 bytes).
    Removing stm32f3xx_hal.o(i.HAL_GetUIDw0), (12 bytes).
    Removing stm32f3xx_hal.o(i.HAL_GetUIDw1), (12 bytes).
    Removing stm32f3xx_hal.o(i.HAL_GetUIDw2), (12 bytes).
    Removing stm32f3xx_hal.o(i.HAL_MspDeInit), (2 bytes).
    Removing stm32f3xx_hal.o(i.HAL_ResumeTick), (18 bytes).
    Removing stm32f3xx_hal.o(i.HAL_SuspendTick), (18 bytes).
    Removing stm32f3xx_hal_cortex.o(.rev16_text), (4 bytes).
    Removing stm32f3xx_hal_cortex.o(.revsh_text), (4 bytes).
    Removing stm32f3xx_hal_cortex.o(.rrx_text), (6 bytes).
    Removing stm32f3xx_hal_cortex.o(i.HAL_MPU_ConfigRegion), (92 bytes).
    Removing stm32f3xx_hal_cortex.o(i.HAL_MPU_Disable), (28 bytes).
    Removing stm32f3xx_hal_cortex.o(i.HAL_MPU_Enable), (32 bytes).
    Removing stm32f3xx_hal_cortex.o(i.HAL_NVIC_ClearPendingIRQ), (36 bytes).
    Removing stm32f3xx_hal_cortex.o(i.HAL_NVIC_DisableIRQ), (68 bytes).
    Removing stm32f3xx_hal_cortex.o(i.HAL_NVIC_EnableIRQ), (32 bytes).
    Removing stm32f3xx_hal_cortex.o(i.HAL_NVIC_GetActive), (48 bytes).
    Removing stm32f3xx_hal_cortex.o(i.HAL_NVIC_GetPendingIRQ), (48 bytes).
    Removing stm32f3xx_hal_cortex.o(i.HAL_NVIC_GetPriority), (148 bytes).
    Removing stm32f3xx_hal_cortex.o(i.HAL_NVIC_GetPriorityGrouping), (8 bytes).
    Removing stm32f3xx_hal_cortex.o(i.HAL_NVIC_SetPendingIRQ), (36 bytes).
    Removing stm32f3xx_hal_cortex.o(i.HAL_NVIC_SystemReset), (68 bytes).
    Removing stm32f3xx_hal_cortex.o(i.HAL_SYSTICK_CLKSourceConfig), (40 bytes).
    Removing stm32f3xx_hal_cortex.o(i.HAL_SYSTICK_Callback), (2 bytes).
    Removing stm32f3xx_hal_cortex.o(i.HAL_SYSTICK_IRQHandler), (8 bytes).
    Removing stm32f3xx_hal_flash.o(.rev16_text), (4 bytes).
    Removing stm32f3xx_hal_flash.o(.revsh_text), (4 bytes).
    Removing stm32f3xx_hal_flash.o(.rrx_text), (6 bytes).
    Removing stm32f3xx_hal_flash.o(i.FLASH_Program_HalfWord), (32 bytes).
    Removing stm32f3xx_hal_flash.o(i.FLASH_SetErrorCode), (72 bytes).
    Removing stm32f3xx_hal_flash.o(i.FLASH_WaitForLastOperation), (100 bytes).
    Removing stm32f3xx_hal_flash.o(i.HAL_FLASH_EndOfOperationCallback), (2 bytes).
    Removing stm32f3xx_hal_flash.o(i.HAL_FLASH_GetError), (12 bytes).
    Removing stm32f3xx_hal_flash.o(i.HAL_FLASH_IRQHandler), (384 bytes).
    Removing stm32f3xx_hal_flash.o(i.HAL_FLASH_Lock), (20 bytes).
    Removing stm32f3xx_hal_flash.o(i.HAL_FLASH_OB_Launch), (28 bytes).
    Removing stm32f3xx_hal_flash.o(i.HAL_FLASH_OB_Lock), (20 bytes).
    Removing stm32f3xx_hal_flash.o(i.HAL_FLASH_OB_Unlock), (44 bytes).
    Removing stm32f3xx_hal_flash.o(i.HAL_FLASH_OperationErrorCallback), (2 bytes).
    Removing stm32f3xx_hal_flash.o(i.HAL_FLASH_Program), (176 bytes).
    Removing stm32f3xx_hal_flash.o(i.HAL_FLASH_Program_IT), (124 bytes).
    Removing stm32f3xx_hal_flash.o(i.HAL_FLASH_Unlock), (44 bytes).
    Removing stm32f3xx_hal_flash.o(.bss), (32 bytes).
    Removing stm32f3xx_hal_flash_ex.o(.rev16_text), (4 bytes).
    Removing stm32f3xx_hal_flash_ex.o(.revsh_text), (4 bytes).
    Removing stm32f3xx_hal_flash_ex.o(.rrx_text), (6 bytes).
    Removing stm32f3xx_hal_flash_ex.o(i.FLASH_MassErase), (40 bytes).
    Removing stm32f3xx_hal_flash_ex.o(i.FLASH_OB_DisableWRP), (232 bytes).
    Removing stm32f3xx_hal_flash_ex.o(i.FLASH_OB_EnableWRP), (236 bytes).
    Removing stm32f3xx_hal_flash_ex.o(i.FLASH_OB_GetRDP), (36 bytes).
    Removing stm32f3xx_hal_flash_ex.o(i.FLASH_OB_GetUser), (32 bytes).
    Removing stm32f3xx_hal_flash_ex.o(i.FLASH_OB_GetWRP), (12 bytes).
    Removing stm32f3xx_hal_flash_ex.o(i.FLASH_OB_ProgramData), (76 bytes).
    Removing stm32f3xx_hal_flash_ex.o(i.FLASH_OB_RDP_LevelConfig), (124 bytes).
    Removing stm32f3xx_hal_flash_ex.o(i.FLASH_OB_UserConfig), (84 bytes).
    Removing stm32f3xx_hal_flash_ex.o(i.FLASH_PageErase), (40 bytes).
    Removing stm32f3xx_hal_flash_ex.o(i.HAL_FLASHEx_Erase), (176 bytes).
    Removing stm32f3xx_hal_flash_ex.o(i.HAL_FLASHEx_Erase_IT), (100 bytes).
    Removing stm32f3xx_hal_flash_ex.o(i.HAL_FLASHEx_OBErase), (96 bytes).
    Removing stm32f3xx_hal_flash_ex.o(i.HAL_FLASHEx_OBGetConfig), (28 bytes).
    Removing stm32f3xx_hal_flash_ex.o(i.HAL_FLASHEx_OBGetUserData), (72 bytes).
    Removing stm32f3xx_hal_flash_ex.o(i.HAL_FLASHEx_OBProgram), (200 bytes).
    Removing stm32f3xx_hal_gpio.o(.rev16_text), (4 bytes).
    Removing stm32f3xx_hal_gpio.o(.revsh_text), (4 bytes).
    Removing stm32f3xx_hal_gpio.o(.rrx_text), (6 bytes).
    Removing stm32f3xx_hal_gpio.o(i.HAL_GPIO_DeInit), (284 bytes).
    Removing stm32f3xx_hal_gpio.o(i.HAL_GPIO_EXTI_Callback), (2 bytes).
    Removing stm32f3xx_hal_gpio.o(i.HAL_GPIO_EXTI_IRQHandler), (28 bytes).
    Removing stm32f3xx_hal_gpio.o(i.HAL_GPIO_LockPin), (46 bytes).
    Removing stm32f3xx_hal_gpio.o(i.HAL_GPIO_ReadPin), (16 bytes).
    Removing stm32f3xx_hal_gpio.o(i.HAL_GPIO_TogglePin), (8 bytes).
    Removing stm32f3xx_hal_rcc.o(.rev16_text), (4 bytes).
    Removing stm32f3xx_hal_rcc.o(.revsh_text), (4 bytes).
    Removing stm32f3xx_hal_rcc.o(.rrx_text), (6 bytes).
    Removing stm32f3xx_hal_rcc.o(i.HAL_RCC_CSSCallback), (2 bytes).
    Removing stm32f3xx_hal_rcc.o(i.HAL_RCC_ClockConfig), (748 bytes).
    Removing stm32f3xx_hal_rcc.o(i.HAL_RCC_DeInit), (84 bytes).
    Removing stm32f3xx_hal_rcc.o(i.HAL_RCC_DisableCSS), (28 bytes).
    Removing stm32f3xx_hal_rcc.o(i.HAL_RCC_EnableCSS), (24 bytes).
    Removing stm32f3xx_hal_rcc.o(i.HAL_RCC_GetClockConfig), (68 bytes).
    Removing stm32f3xx_hal_rcc.o(i.HAL_RCC_GetHCLKFreq), (12 bytes).
    Removing stm32f3xx_hal_rcc.o(i.HAL_RCC_GetOscConfig), (212 bytes).
    Removing stm32f3xx_hal_rcc.o(i.HAL_RCC_GetPCLK1Freq), (44 bytes).
    Removing stm32f3xx_hal_rcc.o(i.HAL_RCC_GetPCLK2Freq), (44 bytes).
    Removing stm32f3xx_hal_rcc.o(i.HAL_RCC_GetSysClockFreq), (140 bytes).
    Removing stm32f3xx_hal_rcc.o(i.HAL_RCC_MCOConfig), (92 bytes).
    Removing stm32f3xx_hal_rcc.o(i.HAL_RCC_NMI_IRQHandler), (32 bytes).
    Removing stm32f3xx_hal_rcc.o(i.HAL_RCC_OscConfig), (2560 bytes).
    Removing stm32f3xx_hal_rcc.o(.constdata), (32 bytes).
    Removing stm32f3xx_hal_rcc_ex.o(.rev16_text), (4 bytes).
    Removing stm32f3xx_hal_rcc_ex.o(.revsh_text), (4 bytes).
    Removing stm32f3xx_hal_rcc_ex.o(.rrx_text), (6 bytes).
    Removing stm32f3xx_hal_rcc_ex.o(i.HAL_RCCEx_GetPeriphCLKConfig), (220 bytes).
    Removing stm32f3xx_hal_rcc_ex.o(i.HAL_RCCEx_GetPeriphCLKFreq), (932 bytes).
    Removing stm32f3xx_hal_rcc_ex.o(i.HAL_RCCEx_PeriphCLKConfig), (744 bytes).
    Removing stm32f3xx_hal_rcc_ex.o(i.RCC_GetPLLCLKFreq), (76 bytes).
    Removing stm32f3xx_hal_rcc_ex.o(.constdata), (32 bytes).
    Removing system_stm32f3xx.o(.rev16_text), (4 bytes).
    Removing system_stm32f3xx.o(.revsh_text), (4 bytes).
    Removing system_stm32f3xx.o(.rrx_text), (6 bytes).
    Removing system_stm32f3xx.o(i.SystemCoreClockUpdate), (160 bytes).
    Removing system_stm32f3xx.o(.constdata), (24 bytes).

133 unused section(s) (total 10840 bytes) removed from the image.

==============================================================================

Image Symbol Table

    Local Symbols

    Symbol Name                              Value     Ov Type        Size  Object(Section)

    ../clib/angel/boardlib.s                 0x00000000   Number         0  boardinit3.o ABSOLUTE
    ../clib/angel/boardlib.s                 0x00000000   Number         0  boardinit1.o ABSOLUTE
    ../clib/angel/boardlib.s                 0x00000000   Number         0  boardshut.o ABSOLUTE
    ../clib/angel/boardlib.s                 0x00000000   Number         0  boardinit2.o ABSOLUTE
    ../clib/angel/handlers.s                 0x00000000   Number         0  __scatter_copy.o ABSOLUTE
    ../clib/angel/handlers.s                 0x00000000   Number         0  __scatter_zi.o ABSOLUTE
    ../clib/angel/kernel.s                   0x00000000   Number         0  __rtentry4.o ABSOLUTE
    ../clib/angel/kernel.s                   0x00000000   Number         0  rtexit.o ABSOLUTE
    ../clib/angel/kernel.s                   0x00000000   Number         0  __rtentry.o ABSOLUTE
    ../clib/angel/kernel.s                   0x00000000   Number         0  __rtentry2.o ABSOLUTE
    ../clib/angel/kernel.s                   0x00000000   Number         0  rtexit2.o ABSOLUTE
    ../clib/angel/rt.s                       0x00000000   Number         0  rt_raise.o ABSOLUTE
    ../clib/angel/rt.s                       0x00000000   Number         0  rt_locale.o ABSOLUTE
    ../clib/angel/rt.s                       0x00000000   Number         0  rt_locale_intlibspace.o ABSOLUTE
    ../clib/angel/scatter.s                  0x00000000   Number         0  __scatter.o ABSOLUTE
    ../clib/angel/startup.s                  0x00000000   Number         0  __main.o ABSOLUTE
    ../clib/angel/sys.s                      0x00000000   Number         0  use_no_semi.o ABSOLUTE
    ../clib/angel/sys.s                      0x00000000   Number         0  sys_stackheap_outer.o ABSOLUTE
    ../clib/angel/sys.s                      0x00000000   Number         0  libspace.o ABSOLUTE
    ../clib/angel/sys.s                      0x00000000   Number         0  indicate_semi.o ABSOLUTE
    ../clib/angel/sysapp.c                   0x00000000   Number         0  sys_exit.o ABSOLUTE
    ../clib/angel/sysapp.c                   0x00000000   Number         0  sys_wrch.o ABSOLUTE
    ../clib/angel/sysapp.c                   0x00000000   Number         0  sys_command.o ABSOLUTE
    ../clib/armsys.c                         0x00000000   Number         0  argv_veneer.o ABSOLUTE
    ../clib/armsys.c                         0x00000000   Number         0  argv_veneer.o ABSOLUTE
    ../clib/armsys.c                         0x00000000   Number         0  no_argv.o ABSOLUTE
    ../clib/armsys.c                         0x00000000   Number         0  _get_argv_nomalloc.o ABSOLUTE
    ../clib/bigflt.c                         0x00000000   Number         0  bigflt0.o ABSOLUTE
    ../clib/btod.s                           0x00000000   Number         0  btod.o ABSOLUTE
    ../clib/heapalloc.c                      0x00000000   Number         0  hrguard.o ABSOLUTE
    ../clib/heapaux.c                        0x00000000   Number         0  heapauxi.o ABSOLUTE
    ../clib/libinit.s                        0x00000000   Number         0  libinit2.o ABSOLUTE
    ../clib/libinit.s                        0x00000000   Number         0  libinit.o ABSOLUTE
    ../clib/libinit.s                        0x00000000   Number         0  libshutdown2.o ABSOLUTE
    ../clib/libinit.s                        0x00000000   Number         0  libshutdown.o ABSOLUTE
    ../clib/locale.s                         0x00000000   Number         0  lc_numeric_c.o ABSOLUTE
    ../clib/longlong.s                       0x00000000   Number         0  lludiv10.o ABSOLUTE
    ../clib/longlong.s                       0x00000000   Number         0  llushr.o ABSOLUTE
    ../clib/memcpset.s                       0x00000000   Number         0  strcmpv7m.o ABSOLUTE
    ../clib/memcpset.s                       0x00000000   Number         0  rt_memcpy_w.o ABSOLUTE
    ../clib/misc.s                           0x00000000   Number         0  printf_stubs.o ABSOLUTE
    ../clib/printf.c                         0x00000000   Number         0  __printf_nopercent.o ABSOLUTE
    ../clib/printf.c                         0x00000000   Number         0  _printf_fp_infnan.o ABSOLUTE
    ../clib/printf.c                         0x00000000   Number         0  __printf.o ABSOLUTE
    ../clib/printf.c                         0x00000000   Number         0  __printf_flags.o ABSOLUTE
    ../clib/printf.c                         0x00000000   Number         0  _sputc.o ABSOLUTE
    ../clib/printf.c                         0x00000000   Number         0  __printf_flags_ss.o ABSOLUTE
    ../clib/printf.c                         0x00000000   Number         0  _printf_char_common.o ABSOLUTE
    ../clib/printf.c                         0x00000000   Number         0  __printf_wp.o ABSOLUTE
    ../clib/printf.c                         0x00000000   Number         0  __printf_flags_wp.o ABSOLUTE
    ../clib/printf.c                         0x00000000   Number         0  __printf_ss_wp.o ABSOLUTE
    ../clib/printf.c                         0x00000000   Number         0  __printf_flags_ss_wp.o ABSOLUTE
    ../clib/printf.c                         0x00000000   Number         0  _printf_fp_dec.o ABSOLUTE
    ../clib/printf.c                         0x00000000   Number         0  __printf_ss.o ABSOLUTE
    ../clib/printf.c                         0x00000000   Number         0  __2sprintf.o ABSOLUTE
    ../clib/printf.c                         0x00000000   Number         0  noretval__2sprintf.o ABSOLUTE
    ../clib/printf_percent.s                 0x00000000   Number         0  _printf_percent_end.o ABSOLUTE
    ../clib/printf_percent.s                 0x00000000   Number         0  _printf_f.o ABSOLUTE
    ../clib/printf_percent.s                 0x00000000   Number         0  _printf_percent.o ABSOLUTE
    ../clib/signal.c                         0x00000000   Number         0  defsig_rtmem_outer.o ABSOLUTE
    ../clib/signal.c                         0x00000000   Number         0  defsig_other.o ABSOLUTE
    ../clib/signal.c                         0x00000000   Number         0  defsig_segv_inner.o ABSOLUTE
    ../clib/signal.c                         0x00000000   Number         0  defsig_cppl_inner.o ABSOLUTE
    ../clib/signal.c                         0x00000000   Number         0  defsig_pvfn_inner.o ABSOLUTE
    ../clib/signal.c                         0x00000000   Number         0  defsig_stak_inner.o ABSOLUTE
    ../clib/signal.c                         0x00000000   Number         0  defsig_rtred_inner.o ABSOLUTE
    ../clib/signal.c                         0x00000000   Number         0  defsig_fpe_inner.o ABSOLUTE
    ../clib/signal.c                         0x00000000   Number         0  defsig_abrt_inner.o ABSOLUTE
    ../clib/signal.c                         0x00000000   Number         0  defsig_general.o ABSOLUTE
    ../clib/signal.c                         0x00000000   Number         0  __raise.o ABSOLUTE
    ../clib/signal.c                         0x00000000   Number         0  defsig_rtmem_inner.o ABSOLUTE
    ../clib/signal.c                         0x00000000   Number         0  defsig_exit.o ABSOLUTE
    ../clib/signal.c                         0x00000000   Number         0  defsig_rtmem_formal.o ABSOLUTE
    ../clib/signal.s                         0x00000000   Number         0  defsig.o ABSOLUTE
    ../clib/stdlib.c                         0x00000000   Number         0  exit.o ABSOLUTE
    ../clib/string.c                         0x00000000   Number         0  strlen.o ABSOLUTE
    ../fplib/ddiv.s                          0x00000000   Number         0  ddiv.o ABSOLUTE
    ../fplib/dflt.s                          0x00000000   Number         0  dflt_clz.o ABSOLUTE
    ../fplib/dnaninf.s                       0x00000000   Number         0  dnaninf.o ABSOLUTE
    ../fplib/dretinf.s                       0x00000000   Number         0  dretinf.o ABSOLUTE
    ../fplib/fpinit.s                        0x00000000   Number         0  fpinit.o ABSOLUTE
    ../fplib/istatus.s                       0x00000000   Number         0  istatus.o ABSOLUTE
    ../fplib/printf1.s                       0x00000000   Number         0  printf1.o ABSOLUTE
    ../fplib/usenofp.s                       0x00000000   Number         0  usenofp.o ABSOLUTE
    ../mathlib/fpclassify.c                  0x00000000   Number         0  fpclassify.o ABSOLUTE
    ..\..\src\LiquidCrystal.c                0x00000000   Number         0  liquidcrystal.o ABSOLUTE
    ..\\..\\src\\LiquidCrystal.c             0x00000000   Number         0  liquidcrystal.o ABSOLUTE
    C:\Program Files (x86)\ARM\PACK\Keil\STM32F3xx_DFP\2.1.0\Drivers\STM32F3xx_HAL_Driver\Src\stm32f3xx_hal.c 0x00000000   Number         0  stm32f3xx_hal.o ABSOLUTE
    C:\Program Files (x86)\ARM\PACK\Keil\STM32F3xx_DFP\2.1.0\Drivers\STM32F3xx_HAL_Driver\Src\stm32f3xx_hal_cortex.c 0x00000000   Number         0  stm32f3xx_hal_cortex.o ABSOLUTE
    C:\Program Files (x86)\ARM\PACK\Keil\STM32F3xx_DFP\2.1.0\Drivers\STM32F3xx_HAL_Driver\Src\stm32f3xx_hal_flash.c 0x00000000   Number         0  stm32f3xx_hal_flash.o ABSOLUTE
    C:\Program Files (x86)\ARM\PACK\Keil\STM32F3xx_DFP\2.1.0\Drivers\STM32F3xx_HAL_Driver\Src\stm32f3xx_hal_flash_ex.c 0x00000000   Number         0  stm32f3xx_hal_flash_ex.o ABSOLUTE
    C:\Program Files (x86)\ARM\PACK\Keil\STM32F3xx_DFP\2.1.0\Drivers\STM32F3xx_HAL_Driver\Src\stm32f3xx_hal_gpio.c 0x00000000   Number         0  stm32f3xx_hal_gpio.o ABSOLUTE
    C:\Program Files (x86)\ARM\PACK\Keil\STM32F3xx_DFP\2.1.0\Drivers\STM32F3xx_HAL_Driver\Src\stm32f3xx_hal_rcc.c 0x00000000   Number         0  stm32f3xx_hal_rcc.o ABSOLUTE
    C:\Program Files (x86)\ARM\PACK\Keil\STM32F3xx_DFP\2.1.0\Drivers\STM32F3xx_HAL_Driver\Src\stm32f3xx_hal_rcc_ex.c 0x00000000   Number         0  stm32f3xx_hal_rcc_ex.o ABSOLUTE
    C:\\Program Files (x86)\\ARM\\PACK\\Keil\\STM32F3xx_DFP\\2.1.0\\Drivers\\STM32F3xx_HAL_Driver\\Src\\stm32f3xx_hal.c 0x00000000   Number         0  stm32f3xx_hal.o ABSOLUTE
    C:\\Program Files (x86)\\ARM\\PACK\\Keil\\STM32F3xx_DFP\\2.1.0\\Drivers\\STM32F3xx_HAL_Driver\\Src\\stm32f3xx_hal_cortex.c 0x00000000   Number         0  stm32f3xx_hal_cortex.o ABSOLUTE
    C:\\Program Files (x86)\\ARM\\PACK\\Keil\\STM32F3xx_DFP\\2.1.0\\Drivers\\STM32F3xx_HAL_Driver\\Src\\stm32f3xx_hal_flash.c 0x00000000   Number         0  stm32f3xx_hal_flash.o ABSOLUTE
    C:\\Program Files (x86)\\ARM\\PACK\\Keil\\STM32F3xx_DFP\\2.1.0\\Drivers\\STM32F3xx_HAL_Driver\\Src\\stm32f3xx_hal_flash_ex.c 0x00000000   Number         0  stm32f3xx_hal_flash_ex.o ABSOLUTE
    C:\\Program Files (x86)\\ARM\\PACK\\Keil\\STM32F3xx_DFP\\2.1.0\\Drivers\\STM32F3xx_HAL_Driver\\Src\\stm32f3xx_hal_gpio.c 0x00000000   Number         0  stm32f3xx_hal_gpio.o ABSOLUTE
    C:\\Program Files (x86)\\ARM\\PACK\\Keil\\STM32F3xx_DFP\\2.1.0\\Drivers\\STM32F3xx_HAL_Driver\\Src\\stm32f3xx_hal_rcc.c 0x00000000   Number         0  stm32f3xx_hal_rcc.o ABSOLUTE
    C:\\Program Files (x86)\\ARM\\PACK\\Keil\\STM32F3xx_DFP\\2.1.0\\Drivers\\STM32F3xx_HAL_Driver\\Src\\stm32f3xx_hal_rcc_ex.c 0x00000000   Number         0  stm32f3xx_hal_rcc_ex.o ABSOLUTE
    RTE\Device\STM32F303VCTx\startup_stm32f303xc.s 0x00000000   Number         0  startup_stm32f303xc.o ABSOLUTE
    RTE\Device\STM32F303VCTx\system_stm32f3xx.c 0x00000000   Number         0  system_stm32f3xx.o ABSOLUTE
    RTE\\Device\\STM32F303VCTx\\system_stm32f3xx.c 0x00000000   Number         0  system_stm32f3xx.o ABSOLUTE
    dc.s                                     0x00000000   Number         0  dc.o ABSOLUTE
    main.c                                   0x00000000   Number         0  main.o ABSOLUTE
    main.c                                   0x00000000   Number         0  main.o ABSOLUTE
    RESET                                    0x08000000   Section      392  startup_stm32f303xc.o(RESET)
    !!!main                                  0x08000188   Section        8  __main.o(!!!main)
    !!!scatter                               0x08000190   Section       52  __scatter.o(!!!scatter)
    !!handler_copy                           0x080001c4   Section       26  __scatter_copy.o(!!handler_copy)
    !!handler_zi                             0x080001e0   Section       28  __scatter_zi.o(!!handler_zi)
    .ARM.Collect$$_printf_percent$$00000000  0x080001fc   Section        0  _printf_percent.o(.ARM.Collect$$_printf_percent$$00000000)
    .ARM.Collect$$_printf_percent$$00000003  0x080001fc   Section        6  _printf_f.o(.ARM.Collect$$_printf_percent$$00000003)
    .ARM.Collect$$_printf_percent$$00000017  0x08000202   Section        4  _printf_percent_end.o(.ARM.Collect$$_printf_percent$$00000017)
    .ARM.Collect$$libinit$$00000000          0x08000206   Section        2  libinit.o(.ARM.Collect$$libinit$$00000000)
    .ARM.Collect$$libinit$$00000001          0x08000208   Section        4  libinit2.o(.ARM.Collect$$libinit$$00000001)
    .ARM.Collect$$libinit$$00000004          0x0800020c   Section        0  libinit2.o(.ARM.Collect$$libinit$$00000004)
    .ARM.Collect$$libinit$$0000000A          0x0800020c   Section        0  libinit2.o(.ARM.Collect$$libinit$$0000000A)
    .ARM.Collect$$libinit$$0000000C          0x0800020c   Section        0  libinit2.o(.ARM.Collect$$libinit$$0000000C)
    .ARM.Collect$$libinit$$0000000E          0x0800020c   Section        0  libinit2.o(.ARM.Collect$$libinit$$0000000E)
    .ARM.Collect$$libinit$$0000000F          0x0800020c   Section        6  libinit2.o(.ARM.Collect$$libinit$$0000000F)
    .ARM.Collect$$libinit$$00000011          0x08000212   Section        0  libinit2.o(.ARM.Collect$$libinit$$00000011)
    .ARM.Collect$$libinit$$00000013          0x08000212   Section        0  libinit2.o(.ARM.Collect$$libinit$$00000013)
    .ARM.Collect$$libinit$$00000015          0x08000212   Section        0  libinit2.o(.ARM.Collect$$libinit$$00000015)
    .ARM.Collect$$libinit$$00000016          0x08000212   Section       10  libinit2.o(.ARM.Collect$$libinit$$00000016)
    .ARM.Collect$$libinit$$00000017          0x0800021c   Section        0  libinit2.o(.ARM.Collect$$libinit$$00000017)
    .ARM.Collect$$libinit$$00000019          0x0800021c   Section        0  libinit2.o(.ARM.Collect$$libinit$$00000019)
    .ARM.Collect$$libinit$$0000001B          0x0800021c   Section        0  libinit2.o(.ARM.Collect$$libinit$$0000001B)
    .ARM.Collect$$libinit$$0000001D          0x0800021c   Section        0  libinit2.o(.ARM.Collect$$libinit$$0000001D)
    .ARM.Collect$$libinit$$0000001F          0x0800021c   Section        0  libinit2.o(.ARM.Collect$$libinit$$0000001F)
    .ARM.Collect$$libinit$$00000021          0x0800021c   Section        0  libinit2.o(.ARM.Collect$$libinit$$00000021)
    .ARM.Collect$$libinit$$00000023          0x0800021c   Section        0  libinit2.o(.ARM.Collect$$libinit$$00000023)
    .ARM.Collect$$libinit$$00000025          0x0800021c   Section        0  libinit2.o(.ARM.Collect$$libinit$$00000025)
    .ARM.Collect$$libinit$$0000002C          0x0800021c   Section        0  libinit2.o(.ARM.Collect$$libinit$$0000002C)
    .ARM.Collect$$libinit$$0000002E          0x0800021c   Section        0  libinit2.o(.ARM.Collect$$libinit$$0000002E)
    .ARM.Collect$$libinit$$00000030          0x0800021c   Section        0  libinit2.o(.ARM.Collect$$libinit$$00000030)
    .ARM.Collect$$libinit$$00000032          0x0800021c   Section        0  libinit2.o(.ARM.Collect$$libinit$$00000032)
    .ARM.Collect$$libinit$$00000033          0x0800021c   Section        2  libinit2.o(.ARM.Collect$$libinit$$00000033)
    .ARM.Collect$$libshutdown$$00000000      0x0800021e   Section        2  libshutdown.o(.ARM.Collect$$libshutdown$$00000000)
    .ARM.Collect$$libshutdown$$00000002      0x08000220   Section        0  libshutdown2.o(.ARM.Collect$$libshutdown$$00000002)
    .ARM.Collect$$libshutdown$$00000004      0x08000220   Section        0  libshutdown2.o(.ARM.Collect$$libshutdown$$00000004)
    .ARM.Collect$$libshutdown$$00000007      0x08000220   Section        0  libshutdown2.o(.ARM.Collect$$libshutdown$$00000007)
    .ARM.Collect$$libshutdown$$0000000A      0x08000220   Section        0  libshutdown2.o(.ARM.Collect$$libshutdown$$0000000A)
    .ARM.Collect$$libshutdown$$0000000C      0x08000220   Section        0  libshutdown2.o(.ARM.Collect$$libshutdown$$0000000C)
    .ARM.Collect$$libshutdown$$0000000F      0x08000220   Section        0  libshutdown2.o(.ARM.Collect$$libshutdown$$0000000F)
    .ARM.Collect$$libshutdown$$00000010      0x08000220   Section        2  libshutdown2.o(.ARM.Collect$$libshutdown$$00000010)
    .ARM.Collect$$rtentry$$00000000          0x08000222   Section        0  __rtentry.o(.ARM.Collect$$rtentry$$00000000)
    .ARM.Collect$$rtentry$$00000002          0x08000222   Section        0  __rtentry2.o(.ARM.Collect$$rtentry$$00000002)
    .ARM.Collect$$rtentry$$00000004          0x08000222   Section        6  __rtentry4.o(.ARM.Collect$$rtentry$$00000004)
    .ARM.Collect$$rtentry$$00000009          0x08000228   Section        0  __rtentry2.o(.ARM.Collect$$rtentry$$00000009)
    .ARM.Collect$$rtentry$$0000000A          0x08000228   Section        4  __rtentry2.o(.ARM.Collect$$rtentry$$0000000A)
    .ARM.Collect$$rtentry$$0000000C          0x0800022c   Section        0  __rtentry2.o(.ARM.Collect$$rtentry$$0000000C)
    .ARM.Collect$$rtentry$$0000000D          0x0800022c   Section        8  __rtentry2.o(.ARM.Collect$$rtentry$$0000000D)
    .ARM.Collect$$rtexit$$00000000           0x08000234   Section        2  rtexit.o(.ARM.Collect$$rtexit$$00000000)
    .ARM.Collect$$rtexit$$00000002           0x08000236   Section        0  rtexit2.o(.ARM.Collect$$rtexit$$00000002)
    .ARM.Collect$$rtexit$$00000003           0x08000236   Section        4  rtexit2.o(.ARM.Collect$$rtexit$$00000003)
    .ARM.Collect$$rtexit$$00000004           0x0800023a   Section        6  rtexit2.o(.ARM.Collect$$rtexit$$00000004)
    .text                                    0x08000240   Section       64  startup_stm32f303xc.o(.text)
    $v0                                      0x08000240   Number         0  startup_stm32f303xc.o(.text)
    .text                                    0x08000280   Section        0  noretval__2sprintf.o(.text)
    .text                                    0x080002a8   Section        0  __printf_wp.o(.text)
    .text                                    0x080003b6   Section        0  strlen.o(.text)
    .text                                    0x080003f4   Section        0  heapauxi.o(.text)
    .text                                    0x080003fa   Section        0  _printf_fp_dec.o(.text)
    _fp_digits                               0x080003fd   Thumb Code   432  _printf_fp_dec.o(.text)
    .text                                    0x08000818   Section        0  _printf_char_common.o(.text)
    _printf_input_char                       0x08000819   Thumb Code    10  _printf_char_common.o(.text)
    .text                                    0x08000848   Section        0  _sputc.o(.text)
    .text                                    0x08000854   Section        8  rt_locale_intlibspace.o(.text)
    .text                                    0x0800085c   Section      138  lludiv10.o(.text)
    .text                                    0x080008e8   Section        0  _printf_fp_infnan.o(.text)
    .text                                    0x08000968   Section        0  bigflt0.o(.text)
    .text                                    0x08000a4c   Section        8  libspace.o(.text)
    .text                                    0x08000a54   Section       74  sys_stackheap_outer.o(.text)
    .text                                    0x08000a9e   Section        0  exit.o(.text)
    .text                                    0x08000ab0   Section      128  strcmpv7m.o(.text)
    .text                                    0x08000b30   Section        0  sys_exit.o(.text)
    .text                                    0x08000b3c   Section        2  use_no_semi.o(.text)
    .text                                    0x08000b3e   Section        0  indicate_semi.o(.text)
    CL$$btod_d2e                             0x08000b3e   Section       62  btod.o(CL$$btod_d2e)
    CL$$btod_d2e_denorm_low                  0x08000b7c   Section       70  btod.o(CL$$btod_d2e_denorm_low)
    CL$$btod_d2e_norm_op1                    0x08000bc2   Section       96  btod.o(CL$$btod_d2e_norm_op1)
    CL$$btod_div_common                      0x08000c22   Section      824  btod.o(CL$$btod_div_common)
    CL$$btod_e2e                             0x08000f5a   Section      220  btod.o(CL$$btod_e2e)
    CL$$btod_ediv                            0x08001036   Section       42  btod.o(CL$$btod_ediv)
    CL$$btod_emul                            0x08001060   Section       42  btod.o(CL$$btod_emul)
    CL$$btod_mult_common                     0x0800108a   Section      580  btod.o(CL$$btod_mult_common)
    i.HAL_Delay                              0x080012ce   Section        0  stm32f3xx_hal.o(i.HAL_Delay)
    i.HAL_GPIO_Init                          0x080012ec   Section        0  stm32f3xx_hal_gpio.o(i.HAL_GPIO_Init)
    i.HAL_GPIO_WritePin                      0x080014b8   Section        0  stm32f3xx_hal_gpio.o(i.HAL_GPIO_WritePin)
    i.HAL_GetTick                            0x080014c4   Section        0  stm32f3xx_hal.o(i.HAL_GetTick)
    i.HAL_IncTick                            0x080014d0   Section        0  stm32f3xx_hal.o(i.HAL_IncTick)
    i.HAL_Init                               0x080014e0   Section        0  stm32f3xx_hal.o(i.HAL_Init)
    i.HAL_InitTick                           0x08001508   Section        0  stm32f3xx_hal.o(i.HAL_InitTick)
    i.HAL_MspInit                            0x08001530   Section        0  stm32f3xx_hal.o(i.HAL_MspInit)
    i.HAL_NVIC_SetPriority                   0x08001532   Section        0  stm32f3xx_hal_cortex.o(i.HAL_NVIC_SetPriority)
    i.HAL_NVIC_SetPriorityGrouping           0x080015b0   Section        0  stm32f3xx_hal_cortex.o(i.HAL_NVIC_SetPriorityGrouping)
    i.HAL_SYSTICK_Config                     0x080015d8   Section        0  stm32f3xx_hal_cortex.o(i.HAL_SYSTICK_Config)
    i.LiquidCrystal                          0x0800160c   Section        0  liquidcrystal.o(i.LiquidCrystal)
    i.SysTick_Handler                        0x08001668   Section        0  main.o(i.SysTick_Handler)
    i.SystemInit                             0x08001670   Section        0  system_stm32f3xx.o(i.SystemInit)
    i.__ARM_fpclassify                       0x080016ec   Section        0  fpclassify.o(i.__ARM_fpclassify)
    i.__NVIC_GetPriorityGrouping             0x0800171c   Section        0  stm32f3xx_hal_cortex.o(i.__NVIC_GetPriorityGrouping)
    __NVIC_GetPriorityGrouping               0x0800171d   Thumb Code    10  stm32f3xx_hal_cortex.o(i.__NVIC_GetPriorityGrouping)
    i.__NVIC_SetPriority                     0x0800172c   Section        0  stm32f3xx_hal_cortex.o(i.__NVIC_SetPriority)
    __NVIC_SetPriority                       0x0800172d   Thumb Code    32  stm32f3xx_hal_cortex.o(i.__NVIC_SetPriority)
    i._is_digit                              0x08001754   Section        0  __printf_wp.o(i._is_digit)
    i.begin                                  0x08001764   Section        0  liquidcrystal.o(i.begin)
    i.clear                                  0x08001928   Section        0  liquidcrystal.o(i.clear)
    i.command                                0x08001938   Section        0  liquidcrystal.o(i.command)
    i.display                                0x08001948   Section        0  liquidcrystal.o(i.display)
    i.enableClock                            0x08001968   Section        0  liquidcrystal.o(i.enableClock)
    i.init                                   0x08001a94   Section        0  liquidcrystal.o(i.init)
    i.main                                   0x08001b14   Section        0  main.o(i.main)
    i.print                                  0x08001ba8   Section        0  liquidcrystal.o(i.print)
    i.pulseEnable                            0x08001be4   Section        0  liquidcrystal.o(i.pulseEnable)
    i.send                                   0x08001c2c   Section        0  liquidcrystal.o(i.send)
    i.setCursor                              0x08001c88   Section        0  liquidcrystal.o(i.setCursor)
    i.setRowOffsets                          0x08001cc0   Section        0  liquidcrystal.o(i.setRowOffsets)
    i.write                                  0x08001cd4   Section        0  liquidcrystal.o(i.write)
    i.write4bits                             0x08001ce4   Section        0  liquidcrystal.o(i.write4bits)
    i.write8bits                             0x08001d18   Section        0  liquidcrystal.o(i.write8bits)
    locale$$code                             0x08001d4c   Section       44  lc_numeric_c.o(locale$$code)
    x$fpl$ddiv                               0x08001d78   Section      688  ddiv.o(x$fpl$ddiv)
    $v0                                      0x08001d78   Number         0  ddiv.o(x$fpl$ddiv)
    ddiv_entry                               0x08001d7f   Thumb Code     0  ddiv.o(x$fpl$ddiv)
    x$fpl$dflt                               0x08002028   Section       46  dflt_clz.o(x$fpl$dflt)
    $v0                                      0x08002028   Number         0  dflt_clz.o(x$fpl$dflt)
    x$fpl$dnaninf                            0x08002056   Section      156  dnaninf.o(x$fpl$dnaninf)
    $v0                                      0x08002056   Number         0  dnaninf.o(x$fpl$dnaninf)
    x$fpl$dretinf                            0x080020f2   Section       12  dretinf.o(x$fpl$dretinf)
    $v0                                      0x080020f2   Number         0  dretinf.o(x$fpl$dretinf)
    x$fpl$fpinit                             0x080020fe   Section       10  fpinit.o(x$fpl$fpinit)
    $v0                                      0x080020fe   Number         0  fpinit.o(x$fpl$fpinit)
    x$fpl$printf1                            0x08002108   Section        4  printf1.o(x$fpl$printf1)
    $v0                                      0x08002108   Number         0  printf1.o(x$fpl$printf1)
    .constdata                               0x0800210c   Section      148  bigflt0.o(.constdata)
    x$fpl$usenofp                            0x0800210c   Section        0  usenofp.o(x$fpl$usenofp)
    tenpwrs_x                                0x0800210c   Data          60  bigflt0.o(.constdata)
    tenpwrs_i                                0x08002148   Data          64  bigflt0.o(.constdata)
    locale$$data                             0x080021c0   Section       28  lc_numeric_c.o(locale$$data)
    __lcnum_c_name                           0x080021c4   Data           2  lc_numeric_c.o(locale$$data)
    __lcnum_c_start                          0x080021cc   Data           0  lc_numeric_c.o(locale$$data)
    __lcnum_c_point                          0x080021d8   Data           0  lc_numeric_c.o(locale$$data)
    __lcnum_c_thousands                      0x080021da   Data           0  lc_numeric_c.o(locale$$data)
    __lcnum_c_grouping                       0x080021db   Data           0  lc_numeric_c.o(locale$$data)
    __lcnum_c_end                            0x080021dc   Data           0  lc_numeric_c.o(locale$$data)
    .data                                    0x20000000   Section       21  liquidcrystal.o(.data)
    .data                                    0x20000018   Section        4  stm32f3xx_hal.o(.data)
    .data                                    0x2000001c   Section        4  system_stm32f3xx.o(.data)
    .bss                                     0x20000020   Section       16  liquidcrystal.o(.bss)
    .bss                                     0x20000030   Section       96  libspace.o(.bss)
    HEAP                                     0x20000090   Section      512  startup_stm32f303xc.o(HEAP)
    Heap_Mem                                 0x20000090   Data         512  startup_stm32f303xc.o(HEAP)
    STACK                                    0x20000290   Section     1024  startup_stm32f303xc.o(STACK)
    Stack_Mem                                0x20000290   Data        1024  startup_stm32f303xc.o(STACK)
    __initial_sp                             0x20000690   Data           0  startup_stm32f303xc.o(STACK)

    Global Symbols

    Symbol Name                              Value     Ov Type        Size  Object(Section)

    BuildAttributes$$THM_ISAv4$E$P$D$K$B$S$7EM$VFPi3$EXTD16$VFPS$VFMA$PE$A:L22UL41UL21$X:L11$S22US41US21$IEEE1$IW$USESV6$~STKCKD$USESV7$~SHL$OTIME$ROPI$IEEEJ$EBA8$UX$STANDARDLIB$REQ8$PRES8$EABIv2 0x00000000   Number         0  anon$$obj.o ABSOLUTE
    __ARM_use_no_argv                        0x00000000   Number         0  main.o ABSOLUTE
    _printf_flags                            0x00000000   Number         0  printf_stubs.o ABSOLUTE
    _printf_return_value                     0x00000000   Number         0  printf_stubs.o ABSOLUTE
    _printf_sizespec                         0x00000000   Number         0  printf_stubs.o ABSOLUTE
    _printf_widthprec                        0x00000000   Number         0  printf_stubs.o ABSOLUTE
    __ARM_exceptions_init                     - Undefined Weak Reference
    __alloca_initialize                       - Undefined Weak Reference
    __arm_preinit_                            - Undefined Weak Reference
    __cpp_initialize__aeabi_                  - Undefined Weak Reference
    __cxa_finalize                            - Undefined Weak Reference
    __sigvec_lookup                           - Undefined Weak Reference
    _atexit_init                              - Undefined Weak Reference
    _call_atexit_fns                          - Undefined Weak Reference
    _clock_init                               - Undefined Weak Reference
    _fp_trap_init                             - Undefined Weak Reference
    _fp_trap_shutdown                         - Undefined Weak Reference
    _get_lc_collate                           - Undefined Weak Reference
    _get_lc_ctype                             - Undefined Weak Reference
    _get_lc_monetary                          - Undefined Weak Reference
    _get_lc_time                              - Undefined Weak Reference
    _getenv_init                              - Undefined Weak Reference
    _handle_redirection                       - Undefined Weak Reference
    _init_alloc                               - Undefined Weak Reference
    _init_user_alloc                          - Undefined Weak Reference
    _initio                                   - Undefined Weak Reference
    _printf_post_padding                      - Undefined Weak Reference
    _printf_pre_padding                       - Undefined Weak Reference
    _rand_init                                - Undefined Weak Reference
    _signal_finish                            - Undefined Weak Reference
    _signal_init                              - Undefined Weak Reference
    _terminate_alloc                          - Undefined Weak Reference
    _terminate_user_alloc                     - Undefined Weak Reference
    _terminateio                              - Undefined Weak Reference
    __Vectors_Size                           0x00000188   Number         0  startup_stm32f303xc.o ABSOLUTE
    __Vectors                                0x08000000   Data           4  startup_stm32f303xc.o(RESET)
    __Vectors_End                            0x08000188   Data           0  startup_stm32f303xc.o(RESET)
    __main                                   0x08000189   Thumb Code     8  __main.o(!!!main)
    __scatterload                            0x08000191   Thumb Code     0  __scatter.o(!!!scatter)
    __scatterload_rt2                        0x08000191   Thumb Code    44  __scatter.o(!!!scatter)
    __scatterload_rt2_thumb_only             0x08000191   Thumb Code     0  __scatter.o(!!!scatter)
    __scatterload_null                       0x0800019f   Thumb Code     0  __scatter.o(!!!scatter)
    __scatterload_copy                       0x080001c5   Thumb Code    26  __scatter_copy.o(!!handler_copy)
    __scatterload_zeroinit                   0x080001e1   Thumb Code    28  __scatter_zi.o(!!handler_zi)
    _printf_f                                0x080001fd   Thumb Code     0  _printf_f.o(.ARM.Collect$$_printf_percent$$00000003)
    _printf_percent                          0x080001fd   Thumb Code     0  _printf_percent.o(.ARM.Collect$$_printf_percent$$00000000)
    _printf_percent_end                      0x08000203   Thumb Code     0  _printf_percent_end.o(.ARM.Collect$$_printf_percent$$00000017)
    __rt_lib_init                            0x08000207   Thumb Code     0  libinit.o(.ARM.Collect$$libinit$$00000000)
    __rt_lib_init_fp_1                       0x08000209   Thumb Code     0  libinit2.o(.ARM.Collect$$libinit$$00000001)
    __rt_lib_init_heap_1                     0x0800020d   Thumb Code     0  libinit2.o(.ARM.Collect$$libinit$$0000000A)
    __rt_lib_init_lc_common                  0x0800020d   Thumb Code     0  libinit2.o(.ARM.Collect$$libinit$$0000000F)
    __rt_lib_init_preinit_1                  0x0800020d   Thumb Code     0  libinit2.o(.ARM.Collect$$libinit$$00000004)
    __rt_lib_init_rand_1                     0x0800020d   Thumb Code     0  libinit2.o(.ARM.Collect$$libinit$$0000000E)
    __rt_lib_init_user_alloc_1               0x0800020d   Thumb Code     0  libinit2.o(.ARM.Collect$$libinit$$0000000C)
    __rt_lib_init_lc_collate_1               0x08000213   Thumb Code     0  libinit2.o(.ARM.Collect$$libinit$$00000011)
    __rt_lib_init_lc_ctype_1                 0x08000213   Thumb Code     0  libinit2.o(.ARM.Collect$$libinit$$00000013)
    __rt_lib_init_lc_monetary_1              0x08000213   Thumb Code     0  libinit2.o(.ARM.Collect$$libinit$$00000015)
    __rt_lib_init_lc_numeric_2               0x08000213   Thumb Code     0  libinit2.o(.ARM.Collect$$libinit$$00000016)
    __rt_lib_init_alloca_1                   0x0800021d   Thumb Code     0  libinit2.o(.ARM.Collect$$libinit$$0000002E)
    __rt_lib_init_argv_1                     0x0800021d   Thumb Code     0  libinit2.o(.ARM.Collect$$libinit$$0000002C)
    __rt_lib_init_atexit_1                   0x0800021d   Thumb Code     0  libinit2.o(.ARM.Collect$$libinit$$0000001B)
    __rt_lib_init_clock_1                    0x0800021d   Thumb Code     0  libinit2.o(.ARM.Collect$$libinit$$00000021)
    __rt_lib_init_cpp_1                      0x0800021d   Thumb Code     0  libinit2.o(.ARM.Collect$$libinit$$00000032)
    __rt_lib_init_exceptions_1               0x0800021d   Thumb Code     0  libinit2.o(.ARM.Collect$$libinit$$00000030)
    __rt_lib_init_fp_trap_1                  0x0800021d   Thumb Code     0  libinit2.o(.ARM.Collect$$libinit$$0000001F)
    __rt_lib_init_getenv_1                   0x0800021d   Thumb Code     0  libinit2.o(.ARM.Collect$$libinit$$00000023)
    __rt_lib_init_lc_numeric_1               0x0800021d   Thumb Code     0  libinit2.o(.ARM.Collect$$libinit$$00000017)
    __rt_lib_init_lc_time_1                  0x0800021d   Thumb Code     0  libinit2.o(.ARM.Collect$$libinit$$00000019)
    __rt_lib_init_return                     0x0800021d   Thumb Code     0  libinit2.o(.ARM.Collect$$libinit$$00000033)
    __rt_lib_init_signal_1                   0x0800021d   Thumb Code     0  libinit2.o(.ARM.Collect$$libinit$$0000001D)
    __rt_lib_init_stdio_1                    0x0800021d   Thumb Code     0  libinit2.o(.ARM.Collect$$libinit$$00000025)
    __rt_lib_shutdown                        0x0800021f   Thumb Code     0  libshutdown.o(.ARM.Collect$$libshutdown$$00000000)
    __rt_lib_shutdown_cpp_1                  0x08000221   Thumb Code     0  libshutdown2.o(.ARM.Collect$$libshutdown$$00000002)
    __rt_lib_shutdown_fp_trap_1              0x08000221   Thumb Code     0  libshutdown2.o(.ARM.Collect$$libshutdown$$00000007)
    __rt_lib_shutdown_heap_1                 0x08000221   Thumb Code     0  libshutdown2.o(.ARM.Collect$$libshutdown$$0000000F)
    __rt_lib_shutdown_return                 0x08000221   Thumb Code     0  libshutdown2.o(.ARM.Collect$$libshutdown$$00000010)
    __rt_lib_shutdown_signal_1               0x08000221   Thumb Code     0  libshutdown2.o(.ARM.Collect$$libshutdown$$0000000A)
    __rt_lib_shutdown_stdio_1                0x08000221   Thumb Code     0  libshutdown2.o(.ARM.Collect$$libshutdown$$00000004)
    __rt_lib_shutdown_user_alloc_1           0x08000221   Thumb Code     0  libshutdown2.o(.ARM.Collect$$libshutdown$$0000000C)
    __rt_entry                               0x08000223   Thumb Code     0  __rtentry.o(.ARM.Collect$$rtentry$$00000000)
    __rt_entry_presh_1                       0x08000223   Thumb Code     0  __rtentry2.o(.ARM.Collect$$rtentry$$00000002)
    __rt_entry_sh                            0x08000223   Thumb Code     0  __rtentry4.o(.ARM.Collect$$rtentry$$00000004)
    __rt_entry_li                            0x08000229   Thumb Code     0  __rtentry2.o(.ARM.Collect$$rtentry$$0000000A)
    __rt_entry_postsh_1                      0x08000229   Thumb Code     0  __rtentry2.o(.ARM.Collect$$rtentry$$00000009)
    __rt_entry_main                          0x0800022d   Thumb Code     0  __rtentry2.o(.ARM.Collect$$rtentry$$0000000D)
    __rt_entry_postli_1                      0x0800022d   Thumb Code     0  __rtentry2.o(.ARM.Collect$$rtentry$$0000000C)
    __rt_exit                                0x08000235   Thumb Code     0  rtexit.o(.ARM.Collect$$rtexit$$00000000)
    __rt_exit_ls                             0x08000237   Thumb Code     0  rtexit2.o(.ARM.Collect$$rtexit$$00000003)
    __rt_exit_prels_1                        0x08000237   Thumb Code     0  rtexit2.o(.ARM.Collect$$rtexit$$00000002)
    __rt_exit_exit                           0x0800023b   Thumb Code     0  rtexit2.o(.ARM.Collect$$rtexit$$00000004)
    Reset_Handler                            0x08000241   Thumb Code     8  startup_stm32f303xc.o(.text)
    NMI_Handler                              0x08000249   Thumb Code     2  startup_stm32f303xc.o(.text)
    HardFault_Handler                        0x0800024b   Thumb Code     2  startup_stm32f303xc.o(.text)
    MemManage_Handler                        0x0800024d   Thumb Code     2  startup_stm32f303xc.o(.text)
    BusFault_Handler                         0x0800024f   Thumb Code     2  startup_stm32f303xc.o(.text)
    UsageFault_Handler                       0x08000251   Thumb Code     2  startup_stm32f303xc.o(.text)
    SVC_Handler                              0x08000253   Thumb Code     2  startup_stm32f303xc.o(.text)
    DebugMon_Handler                         0x08000255   Thumb Code     2  startup_stm32f303xc.o(.text)
    PendSV_Handler                           0x08000257   Thumb Code     2  startup_stm32f303xc.o(.text)
    ADC1_2_IRQHandler                        0x0800025b   Thumb Code     0  startup_stm32f303xc.o(.text)
    ADC3_IRQHandler                          0x0800025b   Thumb Code     0  startup_stm32f303xc.o(.text)
    ADC4_IRQHandler                          0x0800025b   Thumb Code     0  startup_stm32f303xc.o(.text)
    CAN_RX1_IRQHandler                       0x0800025b   Thumb Code     0  startup_stm32f303xc.o(.text)
    CAN_SCE_IRQHandler                       0x0800025b   Thumb Code     0  startup_stm32f303xc.o(.text)
    COMP1_2_3_IRQHandler                     0x0800025b   Thumb Code     0  startup_stm32f303xc.o(.text)
    COMP4_5_6_IRQHandler                     0x0800025b   Thumb Code     0  startup_stm32f303xc.o(.text)
    COMP7_IRQHandler                         0x0800025b   Thumb Code     0  startup_stm32f303xc.o(.text)
    DMA1_Channel1_IRQHandler                 0x0800025b   Thumb Code     0  startup_stm32f303xc.o(.text)
    DMA1_Channel2_IRQHandler                 0x0800025b   Thumb Code     0  startup_stm32f303xc.o(.text)
    DMA1_Channel3_IRQHandler                 0x0800025b   Thumb Code     0  startup_stm32f303xc.o(.text)
    DMA1_Channel4_IRQHandler                 0x0800025b   Thumb Code     0  startup_stm32f303xc.o(.text)
    DMA1_Channel5_IRQHandler                 0x0800025b   Thumb Code     0  startup_stm32f303xc.o(.text)
    DMA1_Channel6_IRQHandler                 0x0800025b   Thumb Code     0  startup_stm32f303xc.o(.text)
    DMA1_Channel7_IRQHandler                 0x0800025b   Thumb Code     0  startup_stm32f303xc.o(.text)
    DMA2_Channel1_IRQHandler                 0x0800025b   Thumb Code     0  startup_stm32f303xc.o(.text)
    DMA2_Channel2_IRQHandler                 0x0800025b   Thumb Code     0  startup_stm32f303xc.o(.text)
    DMA2_Channel3_IRQHandler                 0x0800025b   Thumb Code     0  startup_stm32f303xc.o(.text)
    DMA2_Channel4_IRQHandler                 0x0800025b   Thumb Code     0  startup_stm32f303xc.o(.text)
    DMA2_Channel5_IRQHandler                 0x0800025b   Thumb Code     0  startup_stm32f303xc.o(.text)
    EXTI0_IRQHandler                         0x0800025b   Thumb Code     0  startup_stm32f303xc.o(.text)
    EXTI15_10_IRQHandler                     0x0800025b   Thumb Code     0  startup_stm32f303xc.o(.text)
    EXTI1_IRQHandler                         0x0800025b   Thumb Code     0  startup_stm32f303xc.o(.text)
    EXTI2_TSC_IRQHandler                     0x0800025b   Thumb Code     0  startup_stm32f303xc.o(.text)
    EXTI3_IRQHandler                         0x0800025b   Thumb Code     0  startup_stm32f303xc.o(.text)
    EXTI4_IRQHandler                         0x0800025b   Thumb Code     0  startup_stm32f303xc.o(.text)
    EXTI9_5_IRQHandler                       0x0800025b   Thumb Code     0  startup_stm32f303xc.o(.text)
    FLASH_IRQHandler                         0x0800025b   Thumb Code     0  startup_stm32f303xc.o(.text)
    FPU_IRQHandler                           0x0800025b   Thumb Code     0  startup_stm32f303xc.o(.text)
    I2C1_ER_IRQHandler                       0x0800025b   Thumb Code     0  startup_stm32f303xc.o(.text)
    I2C1_EV_IRQHandler                       0x0800025b   Thumb Code     0  startup_stm32f303xc.o(.text)
    I2C2_ER_IRQHandler                       0x0800025b   Thumb Code     0  startup_stm32f303xc.o(.text)
    I2C2_EV_IRQHandler                       0x0800025b   Thumb Code     0  startup_stm32f303xc.o(.text)
    PVD_IRQHandler                           0x0800025b   Thumb Code     0  startup_stm32f303xc.o(.text)
    RCC_IRQHandler                           0x0800025b   Thumb Code     0  startup_stm32f303xc.o(.text)
    RTC_Alarm_IRQHandler                     0x0800025b   Thumb Code     0  startup_stm32f303xc.o(.text)
    RTC_WKUP_IRQHandler                      0x0800025b   Thumb Code     0  startup_stm32f303xc.o(.text)
    SPI1_IRQHandler                          0x0800025b   Thumb Code     0  startup_stm32f303xc.o(.text)
    SPI2_IRQHandler                          0x0800025b   Thumb Code     0  startup_stm32f303xc.o(.text)
    SPI3_IRQHandler                          0x0800025b   Thumb Code     0  startup_stm32f303xc.o(.text)
    TAMP_STAMP_IRQHandler                    0x0800025b   Thumb Code     0  startup_stm32f303xc.o(.text)
    TIM1_BRK_TIM15_IRQHandler                0x0800025b   Thumb Code     0  startup_stm32f303xc.o(.text)
    TIM1_CC_IRQHandler                       0x0800025b   Thumb Code     0  startup_stm32f303xc.o(.text)
    TIM1_TRG_COM_TIM17_IRQHandler            0x0800025b   Thumb Code     0  startup_stm32f303xc.o(.text)
    TIM1_UP_TIM16_IRQHandler                 0x0800025b   Thumb Code     0  startup_stm32f303xc.o(.text)
    TIM2_IRQHandler                          0x0800025b   Thumb Code     0  startup_stm32f303xc.o(.text)
    TIM3_IRQHandler                          0x0800025b   Thumb Code     0  startup_stm32f303xc.o(.text)
    TIM4_IRQHandler                          0x0800025b   Thumb Code     0  startup_stm32f303xc.o(.text)
    TIM6_DAC_IRQHandler                      0x0800025b   Thumb Code     0  startup_stm32f303xc.o(.text)
    TIM7_IRQHandler                          0x0800025b   Thumb Code     0  startup_stm32f303xc.o(.text)
    TIM8_BRK_IRQHandler                      0x0800025b   Thumb Code     0  startup_stm32f303xc.o(.text)
    TIM8_CC_IRQHandler                       0x0800025b   Thumb Code     0  startup_stm32f303xc.o(.text)
    TIM8_TRG_COM_IRQHandler                  0x0800025b   Thumb Code     0  startup_stm32f303xc.o(.text)
    TIM8_UP_IRQHandler                       0x0800025b   Thumb Code     0  startup_stm32f303xc.o(.text)
    UART4_IRQHandler                         0x0800025b   Thumb Code     0  startup_stm32f303xc.o(.text)
    UART5_IRQHandler                         0x0800025b   Thumb Code     0  startup_stm32f303xc.o(.text)
    USART1_IRQHandler                        0x0800025b   Thumb Code     0  startup_stm32f303xc.o(.text)
    USART2_IRQHandler                        0x0800025b   Thumb Code     0  startup_stm32f303xc.o(.text)
    USART3_IRQHandler                        0x0800025b   Thumb Code     0  startup_stm32f303xc.o(.text)
    USBWakeUp_IRQHandler                     0x0800025b   Thumb Code     0  startup_stm32f303xc.o(.text)
    USBWakeUp_RMP_IRQHandler                 0x0800025b   Thumb Code     0  startup_stm32f303xc.o(.text)
    USB_HP_CAN_TX_IRQHandler                 0x0800025b   Thumb Code     0  startup_stm32f303xc.o(.text)
    USB_HP_IRQHandler                        0x0800025b   Thumb Code     0  startup_stm32f303xc.o(.text)
    USB_LP_CAN_RX0_IRQHandler                0x0800025b   Thumb Code     0  startup_stm32f303xc.o(.text)
    USB_LP_IRQHandler                        0x0800025b   Thumb Code     0  startup_stm32f303xc.o(.text)
    WWDG_IRQHandler                          0x0800025b   Thumb Code     0  startup_stm32f303xc.o(.text)
    __user_initial_stackheap                 0x0800025d   Thumb Code     0  startup_stm32f303xc.o(.text)
    __2sprintf                               0x08000281   Thumb Code    34  noretval__2sprintf.o(.text)
    __printf                                 0x080002a9   Thumb Code   270  __printf_wp.o(.text)
    strlen                                   0x080003b7   Thumb Code    62  strlen.o(.text)
    __use_two_region_memory                  0x080003f5   Thumb Code     2  heapauxi.o(.text)
    __rt_heap_escrow$2region                 0x080003f7   Thumb Code     2  heapauxi.o(.text)
    __rt_heap_expand$2region                 0x080003f9   Thumb Code     2  heapauxi.o(.text)
    __lib_sel_fp_printf                      0x080003fb   Thumb Code     2  _printf_fp_dec.o(.text)
    _printf_fp_dec_real                      0x080005ad   Thumb Code   620  _printf_fp_dec.o(.text)
    _printf_char_common                      0x08000823   Thumb Code    32  _printf_char_common.o(.text)
    _sputc                                   0x08000849   Thumb Code    10  _sputc.o(.text)
    __rt_locale                              0x08000855   Thumb Code     8  rt_locale_intlibspace.o(.text)
    _ll_udiv10                               0x0800085d   Thumb Code   138  lludiv10.o(.text)
    _printf_fp_infnan                        0x080008e9   Thumb Code   112  _printf_fp_infnan.o(.text)
    _btod_etento                             0x08000969   Thumb Code   224  bigflt0.o(.text)
    __user_libspace                          0x08000a4d   Thumb Code     8  libspace.o(.text)
    __user_perproc_libspace                  0x08000a4d   Thumb Code     0  libspace.o(.text)
    __user_perthread_libspace                0x08000a4d   Thumb Code     0  libspace.o(.text)
    __user_setup_stackheap                   0x08000a55   Thumb Code    74  sys_stackheap_outer.o(.text)
    exit                                     0x08000a9f   Thumb Code    18  exit.o(.text)
    strcmp                                   0x08000ab1   Thumb Code   128  strcmpv7m.o(.text)
    _sys_exit                                0x08000b31   Thumb Code     8  sys_exit.o(.text)
    __I$use$semihosting                      0x08000b3d   Thumb Code     0  use_no_semi.o(.text)
    __use_no_semihosting_swi                 0x08000b3d   Thumb Code     2  use_no_semi.o(.text)
    __semihosting_library_function           0x08000b3f   Thumb Code     0  indicate_semi.o(.text)
    _btod_d2e                                0x08000b3f   Thumb Code    62  btod.o(CL$$btod_d2e)
    _d2e_denorm_low                          0x08000b7d   Thumb Code    70  btod.o(CL$$btod_d2e_denorm_low)
    _d2e_norm_op1                            0x08000bc3   Thumb Code    96  btod.o(CL$$btod_d2e_norm_op1)
    __btod_div_common                        0x08000c23   Thumb Code   696  btod.o(CL$$btod_div_common)
    _e2e                                     0x08000f5b   Thumb Code   220  btod.o(CL$$btod_e2e)
    _btod_ediv                               0x08001037   Thumb Code    42  btod.o(CL$$btod_ediv)
    _btod_emul                               0x08001061   Thumb Code    42  btod.o(CL$$btod_emul)
    __btod_mult_common                       0x0800108b   Thumb Code   580  btod.o(CL$$btod_mult_common)
    HAL_Delay                                0x080012cf   Thumb Code    30  stm32f3xx_hal.o(i.HAL_Delay)
    HAL_GPIO_Init                            0x080012ed   Thumb Code   432  stm32f3xx_hal_gpio.o(i.HAL_GPIO_Init)
    HAL_GPIO_WritePin                        0x080014b9   Thumb Code    10  stm32f3xx_hal_gpio.o(i.HAL_GPIO_WritePin)
    HAL_GetTick                              0x080014c5   Thumb Code     6  stm32f3xx_hal.o(i.HAL_GetTick)
    HAL_IncTick                              0x080014d1   Thumb Code    12  stm32f3xx_hal.o(i.HAL_IncTick)
    HAL_Init                                 0x080014e1   Thumb Code    34  stm32f3xx_hal.o(i.HAL_Init)
    HAL_InitTick                             0x08001509   Thumb Code    36  stm32f3xx_hal.o(i.HAL_InitTick)
    HAL_MspInit                              0x08001531   Thumb Code     2  stm32f3xx_hal.o(i.HAL_MspInit)
    HAL_NVIC_SetPriority                     0x08001533   Thumb Code   124  stm32f3xx_hal_cortex.o(i.HAL_NVIC_SetPriority)
    HAL_NVIC_SetPriorityGrouping             0x080015b1   Thumb Code    32  stm32f3xx_hal_cortex.o(i.HAL_NVIC_SetPriorityGrouping)
    HAL_SYSTICK_Config                       0x080015d9   Thumb Code    52  stm32f3xx_hal_cortex.o(i.HAL_SYSTICK_Config)
    LiquidCrystal                            0x0800160d   Thumb Code    86  liquidcrystal.o(i.LiquidCrystal)
    SysTick_Handler                          0x08001669   Thumb Code     8  main.o(i.SysTick_Handler)
    SystemInit                               0x08001671   Thumb Code   104  system_stm32f3xx.o(i.SystemInit)
    __ARM_fpclassify                         0x080016ed   Thumb Code    48  fpclassify.o(i.__ARM_fpclassify)
    _is_digit                                0x08001755   Thumb Code    14  __printf_wp.o(i._is_digit)
    begin                                    0x08001765   Thumb Code   406  liquidcrystal.o(i.begin)
    clear                                    0x08001929   Thumb Code    16  liquidcrystal.o(i.clear)
    command                                  0x08001939   Thumb Code    14  liquidcrystal.o(i.command)
    display                                  0x08001949   Thumb Code    26  liquidcrystal.o(i.display)
    enableClock                              0x08001969   Thumb Code   270  liquidcrystal.o(i.enableClock)
    init                                     0x08001a95   Thumb Code   102  liquidcrystal.o(i.init)
    main                                     0x08001b15   Thumb Code   112  main.o(i.main)
    print                                    0x08001ba9   Thumb Code    58  liquidcrystal.o(i.print)
    pulseEnable                              0x08001be5   Thumb Code    64  liquidcrystal.o(i.pulseEnable)
    send                                     0x08001c2d   Thumb Code    74  liquidcrystal.o(i.send)
    setCursor                                0x08001c89   Thumb Code    48  liquidcrystal.o(i.setCursor)
    setRowOffsets                            0x08001cc1   Thumb Code    14  liquidcrystal.o(i.setRowOffsets)
    write                                    0x08001cd5   Thumb Code    16  liquidcrystal.o(i.write)
    write4bits                               0x08001ce5   Thumb Code    42  liquidcrystal.o(i.write4bits)
    write8bits                               0x08001d19   Thumb Code    42  liquidcrystal.o(i.write8bits)
    _get_lc_numeric                          0x08001d4d   Thumb Code    44  lc_numeric_c.o(locale$$code)
    __aeabi_ddiv                             0x08001d79   Thumb Code     0  ddiv.o(x$fpl$ddiv)
    _ddiv                                    0x08001d79   Thumb Code   552  ddiv.o(x$fpl$ddiv)
    __aeabi_i2d                              0x08002029   Thumb Code     0  dflt_clz.o(x$fpl$dflt)
    _dflt                                    0x08002029   Thumb Code    46  dflt_clz.o(x$fpl$dflt)
    __fpl_dnaninf                            0x08002057   Thumb Code   156  dnaninf.o(x$fpl$dnaninf)
    __fpl_dretinf                            0x080020f3   Thumb Code    12  dretinf.o(x$fpl$dretinf)
    _fp_init                                 0x080020ff   Thumb Code    10  fpinit.o(x$fpl$fpinit)
    __fplib_config_fpu_vfp                   0x08002107   Thumb Code     0  fpinit.o(x$fpl$fpinit)
    __fplib_config_pureend_doubles           0x08002107   Thumb Code     0  fpinit.o(x$fpl$fpinit)
    _printf_fp_dec                           0x08002109   Thumb Code     4  printf1.o(x$fpl$printf1)
    __I$use$fp                               0x0800210c   Number         0  usenofp.o(x$fpl$usenofp)
    Region$$Table$$Base                      0x080021a0   Number         0  anon$$obj.o(Region$$Table)
    Region$$Table$$Limit                     0x080021c0   Number         0  anon$$obj.o(Region$$Table)
    _fourbit_mode                            0x20000000   Data           1  liquidcrystal.o(.data)
    dotsize                                  0x20000001   Data           1  liquidcrystal.o(.data)
    _rs_pin                                  0x20000002   Data           2  liquidcrystal.o(.data)
    _rw_pin                                  0x20000004   Data           2  liquidcrystal.o(.data)
    _enable_pin                              0x20000006   Data           2  liquidcrystal.o(.data)
    _port                                    0x20000008   Data           4  liquidcrystal.o(.data)
    _displayfunction                         0x2000000c   Data           1  liquidcrystal.o(.data)
    _displaycontrol                          0x2000000d   Data           1  liquidcrystal.o(.data)
    _displaymode                             0x2000000e   Data           1  liquidcrystal.o(.data)
    _initialized                             0x2000000f   Data           1  liquidcrystal.o(.data)
    _numlines                                0x20000010   Data           1  liquidcrystal.o(.data)
    _row_offsets                             0x20000011   Data           4  liquidcrystal.o(.data)
    uwTick                                   0x20000018   Data           4  stm32f3xx_hal.o(.data)
    SystemCoreClock                          0x2000001c   Data           4  system_stm32f3xx.o(.data)
    _data_pins                               0x20000020   Data          16  liquidcrystal.o(.bss)
    __libspace_start                         0x20000030   Data          96  libspace.o(.bss)
    __temporary_stack_top$libspace           0x20000090   Data           0  libspace.o(.bss)



==============================================================================

Memory Map of the image

  Image Entry point : 0x08000189

  Load Region LR_IROM1 (Base: 0x08000000, Size: 0x000021fc, Max: 0x00040000, ABSOLUTE)

    Execution Region ER_IROM1 (Exec base: 0x08000000, Load base: 0x08000000, Size: 0x000021dc, Max: 0x00040000, ABSOLUTE)

    Exec Addr    Load Addr    Size         Type   Attr      Idx    E Section Name        Object

    0x08000000   0x08000000   0x00000188   Data   RO         1017    RESET               startup_stm32f303xc.o
    0x08000188   0x08000188   0x00000008   Code   RO         1097  * !!!main             c_w.l(__main.o)
    0x08000190   0x08000190   0x00000034   Code   RO         1323    !!!scatter          c_w.l(__scatter.o)
    0x080001c4   0x080001c4   0x0000001a   Code   RO         1325    !!handler_copy      c_w.l(__scatter_copy.o)
    0x080001de   0x080001de   0x00000002   PAD
    0x080001e0   0x080001e0   0x0000001c   Code   RO         1327    !!handler_zi        c_w.l(__scatter_zi.o)
    0x080001fc   0x080001fc   0x00000000   Code   RO         1090    .ARM.Collect$$_printf_percent$$00000000  c_w.l(_printf_percent.o)
    0x080001fc   0x080001fc   0x00000006   Code   RO         1089    .ARM.Collect$$_printf_percent$$00000003  c_w.l(_printf_f.o)
    0x08000202   0x08000202   0x00000004   Code   RO         1118    .ARM.Collect$$_printf_percent$$00000017  c_w.l(_printf_percent_end.o)
    0x08000206   0x08000206   0x00000002   Code   RO         1196    .ARM.Collect$$libinit$$00000000  c_w.l(libinit.o)
    0x08000208   0x08000208   0x00000004   Code   RO         1197    .ARM.Collect$$libinit$$00000001  c_w.l(libinit2.o)
    0x0800020c   0x0800020c   0x00000000   Code   RO         1200    .ARM.Collect$$libinit$$00000004  c_w.l(libinit2.o)
    0x0800020c   0x0800020c   0x00000000   Code   RO         1203    .ARM.Collect$$libinit$$0000000A  c_w.l(libinit2.o)
    0x0800020c   0x0800020c   0x00000000   Code   RO         1205    .ARM.Collect$$libinit$$0000000C  c_w.l(libinit2.o)
    0x0800020c   0x0800020c   0x00000000   Code   RO         1207    .ARM.Collect$$libinit$$0000000E  c_w.l(libinit2.o)
    0x0800020c   0x0800020c   0x00000006   Code   RO         1208    .ARM.Collect$$libinit$$0000000F  c_w.l(libinit2.o)
    0x08000212   0x08000212   0x00000000   Code   RO         1210    .ARM.Collect$$libinit$$00000011  c_w.l(libinit2.o)
    0x08000212   0x08000212   0x00000000   Code   RO         1212    .ARM.Collect$$libinit$$00000013  c_w.l(libinit2.o)
    0x08000212   0x08000212   0x00000000   Code   RO         1214    .ARM.Collect$$libinit$$00000015  c_w.l(libinit2.o)
    0x08000212   0x08000212   0x0000000a   Code   RO         1215    .ARM.Collect$$libinit$$00000016  c_w.l(libinit2.o)
    0x0800021c   0x0800021c   0x00000000   Code   RO         1216    .ARM.Collect$$libinit$$00000017  c_w.l(libinit2.o)
    0x0800021c   0x0800021c   0x00000000   Code   RO         1218    .ARM.Collect$$libinit$$00000019  c_w.l(libinit2.o)
    0x0800021c   0x0800021c   0x00000000   Code   RO         1220    .ARM.Collect$$libinit$$0000001B  c_w.l(libinit2.o)
    0x0800021c   0x0800021c   0x00000000   Code   RO         1222    .ARM.Collect$$libinit$$0000001D  c_w.l(libinit2.o)
    0x0800021c   0x0800021c   0x00000000   Code   RO         1224    .ARM.Collect$$libinit$$0000001F  c_w.l(libinit2.o)
    0x0800021c   0x0800021c   0x00000000   Code   RO         1226    .ARM.Collect$$libinit$$00000021  c_w.l(libinit2.o)
    0x0800021c   0x0800021c   0x00000000   Code   RO         1228    .ARM.Collect$$libinit$$00000023  c_w.l(libinit2.o)
    0x0800021c   0x0800021c   0x00000000   Code   RO         1230    .ARM.Collect$$libinit$$00000025  c_w.l(libinit2.o)
    0x0800021c   0x0800021c   0x00000000   Code   RO         1234    .ARM.Collect$$libinit$$0000002C  c_w.l(libinit2.o)
    0x0800021c   0x0800021c   0x00000000   Code   RO         1236    .ARM.Collect$$libinit$$0000002E  c_w.l(libinit2.o)
    0x0800021c   0x0800021c   0x00000000   Code   RO         1238    .ARM.Collect$$libinit$$00000030  c_w.l(libinit2.o)
    0x0800021c   0x0800021c   0x00000000   Code   RO         1240    .ARM.Collect$$libinit$$00000032  c_w.l(libinit2.o)
    0x0800021c   0x0800021c   0x00000002   Code   RO         1241    .ARM.Collect$$libinit$$00000033  c_w.l(libinit2.o)
    0x0800021e   0x0800021e   0x00000002   Code   RO         1271    .ARM.Collect$$libshutdown$$00000000  c_w.l(libshutdown.o)
    0x08000220   0x08000220   0x00000000   Code   RO         1282    .ARM.Collect$$libshutdown$$00000002  c_w.l(libshutdown2.o)
    0x08000220   0x08000220   0x00000000   Code   RO         1284    .ARM.Collect$$libshutdown$$00000004  c_w.l(libshutdown2.o)
    0x08000220   0x08000220   0x00000000   Code   RO         1287    .ARM.Collect$$libshutdown$$00000007  c_w.l(libshutdown2.o)
    0x08000220   0x08000220   0x00000000   Code   RO         1290    .ARM.Collect$$libshutdown$$0000000A  c_w.l(libshutdown2.o)
    0x08000220   0x08000220   0x00000000   Code   RO         1292    .ARM.Collect$$libshutdown$$0000000C  c_w.l(libshutdown2.o)
    0x08000220   0x08000220   0x00000000   Code   RO         1295    .ARM.Collect$$libshutdown$$0000000F  c_w.l(libshutdown2.o)
    0x08000220   0x08000220   0x00000002   Code   RO         1296    .ARM.Collect$$libshutdown$$00000010  c_w.l(libshutdown2.o)
    0x08000222   0x08000222   0x00000000   Code   RO         1111    .ARM.Collect$$rtentry$$00000000  c_w.l(__rtentry.o)
    0x08000222   0x08000222   0x00000000   Code   RO         1125    .ARM.Collect$$rtentry$$00000002  c_w.l(__rtentry2.o)
    0x08000222   0x08000222   0x00000006   Code   RO         1137    .ARM.Collect$$rtentry$$00000004  c_w.l(__rtentry4.o)
    0x08000228   0x08000228   0x00000000   Code   RO         1127    .ARM.Collect$$rtentry$$00000009  c_w.l(__rtentry2.o)
    0x08000228   0x08000228   0x00000004   Code   RO         1128    .ARM.Collect$$rtentry$$0000000A  c_w.l(__rtentry2.o)
    0x0800022c   0x0800022c   0x00000000   Code   RO         1130    .ARM.Collect$$rtentry$$0000000C  c_w.l(__rtentry2.o)
    0x0800022c   0x0800022c   0x00000008   Code   RO         1131    .ARM.Collect$$rtentry$$0000000D  c_w.l(__rtentry2.o)
    0x08000234   0x08000234   0x00000002   Code   RO         1242    .ARM.Collect$$rtexit$$00000000  c_w.l(rtexit.o)
    0x08000236   0x08000236   0x00000000   Code   RO         1249    .ARM.Collect$$rtexit$$00000002  c_w.l(rtexit2.o)
    0x08000236   0x08000236   0x00000004   Code   RO         1250    .ARM.Collect$$rtexit$$00000003  c_w.l(rtexit2.o)
    0x0800023a   0x0800023a   0x00000006   Code   RO         1251    .ARM.Collect$$rtexit$$00000004  c_w.l(rtexit2.o)
    0x08000240   0x08000240   0x00000040   Code   RO         1018    .text               startup_stm32f303xc.o
    0x08000280   0x08000280   0x00000028   Code   RO         1065    .text               c_w.l(noretval__2sprintf.o)
    0x080002a8   0x080002a8   0x0000010e   Code   RO         1077    .text               c_w.l(__printf_wp.o)
    0x080003b6   0x080003b6   0x0000003e   Code   RO         1091    .text               c_w.l(strlen.o)
    0x080003f4   0x080003f4   0x00000006   Code   RO         1095    .text               c_w.l(heapauxi.o)
    0x080003fa   0x080003fa   0x0000041e   Code   RO         1112    .text               c_w.l(_printf_fp_dec.o)
    0x08000818   0x08000818   0x00000030   Code   RO         1114    .text               c_w.l(_printf_char_common.o)
    0x08000848   0x08000848   0x0000000a   Code   RO         1116    .text               c_w.l(_sputc.o)
    0x08000852   0x08000852   0x00000002   PAD
    0x08000854   0x08000854   0x00000008   Code   RO         1142    .text               c_w.l(rt_locale_intlibspace.o)
    0x0800085c   0x0800085c   0x0000008a   Code   RO         1144    .text               c_w.l(lludiv10.o)
    0x080008e6   0x080008e6   0x00000002   PAD
    0x080008e8   0x080008e8   0x00000080   Code   RO         1146    .text               c_w.l(_printf_fp_infnan.o)
    0x08000968   0x08000968   0x000000e4   Code   RO         1150    .text               c_w.l(bigflt0.o)
    0x08000a4c   0x08000a4c   0x00000008   Code   RO         1182    .text               c_w.l(libspace.o)
    0x08000a54   0x08000a54   0x0000004a   Code   RO         1185    .text               c_w.l(sys_stackheap_outer.o)
    0x08000a9e   0x08000a9e   0x00000012   Code   RO         1187    .text               c_w.l(exit.o)
    0x08000ab0   0x08000ab0   0x00000080   Code   RO         1189    .text               c_w.l(strcmpv7m.o)
    0x08000b30   0x08000b30   0x0000000c   Code   RO         1261    .text               c_w.l(sys_exit.o)
    0x08000b3c   0x08000b3c   0x00000002   Code   RO         1272    .text               c_w.l(use_no_semi.o)
    0x08000b3e   0x08000b3e   0x00000000   Code   RO         1274    .text               c_w.l(indicate_semi.o)
    0x08000b3e   0x08000b3e   0x0000003e   Code   RO         1153    CL$$btod_d2e        c_w.l(btod.o)
    0x08000b7c   0x08000b7c   0x00000046   Code   RO         1155    CL$$btod_d2e_denorm_low  c_w.l(btod.o)
    0x08000bc2   0x08000bc2   0x00000060   Code   RO         1154    CL$$btod_d2e_norm_op1  c_w.l(btod.o)
    0x08000c22   0x08000c22   0x00000338   Code   RO         1163    CL$$btod_div_common  c_w.l(btod.o)
    0x08000f5a   0x08000f5a   0x000000dc   Code   RO         1160    CL$$btod_e2e        c_w.l(btod.o)
    0x08001036   0x08001036   0x0000002a   Code   RO         1157    CL$$btod_ediv       c_w.l(btod.o)
    0x08001060   0x08001060   0x0000002a   Code   RO         1156    CL$$btod_emul       c_w.l(btod.o)
    0x0800108a   0x0800108a   0x00000244   Code   RO         1162    CL$$btod_mult_common  c_w.l(btod.o)
    0x080012ce   0x080012ce   0x0000001e   Code   RO          310    i.HAL_Delay         stm32f3xx_hal.o
    0x080012ec   0x080012ec   0x000001cc   Code   RO          808    i.HAL_GPIO_Init     stm32f3xx_hal_gpio.o
    0x080014b8   0x080014b8   0x0000000a   Code   RO          812    i.HAL_GPIO_WritePin  stm32f3xx_hal_gpio.o
    0x080014c2   0x080014c2   0x00000002   PAD
    0x080014c4   0x080014c4   0x0000000c   Code   RO          314    i.HAL_GetTick       stm32f3xx_hal.o
    0x080014d0   0x080014d0   0x00000010   Code   RO          318    i.HAL_IncTick       stm32f3xx_hal.o
    0x080014e0   0x080014e0   0x00000028   Code   RO          319    i.HAL_Init          stm32f3xx_hal.o
    0x08001508   0x08001508   0x00000028   Code   RO          320    i.HAL_InitTick      stm32f3xx_hal.o
    0x08001530   0x08001530   0x00000002   Code   RO          322    i.HAL_MspInit       stm32f3xx_hal.o
    0x08001532   0x08001532   0x0000007c   Code   RO          467    i.HAL_NVIC_SetPriority  stm32f3xx_hal_cortex.o
    0x080015ae   0x080015ae   0x00000002   PAD
    0x080015b0   0x080015b0   0x00000028   Code   RO          468    i.HAL_NVIC_SetPriorityGrouping  stm32f3xx_hal_cortex.o
    0x080015d8   0x080015d8   0x00000034   Code   RO          472    i.HAL_SYSTICK_Config  stm32f3xx_hal_cortex.o
    0x0800160c   0x0800160c   0x0000005c   Code   RO            4    i.LiquidCrystal     liquidcrystal.o
    0x08001668   0x08001668   0x00000008   Code   RO          273    i.SysTick_Handler   main.o
    0x08001670   0x08001670   0x0000007c   Code   RO         1026    i.SystemInit        system_stm32f3xx.o
    0x080016ec   0x080016ec   0x00000030   Code   RO         1180    i.__ARM_fpclassify  m_wm.l(fpclassify.o)
    0x0800171c   0x0800171c   0x00000010   Code   RO          474    i.__NVIC_GetPriorityGrouping  stm32f3xx_hal_cortex.o
    0x0800172c   0x0800172c   0x00000028   Code   RO          475    i.__NVIC_SetPriority  stm32f3xx_hal_cortex.o
    0x08001754   0x08001754   0x0000000e   Code   RO         1079    i._is_digit         c_w.l(__printf_wp.o)
    0x08001762   0x08001762   0x00000002   PAD
    0x08001764   0x08001764   0x000001c4   Code   RO            6    i.begin             liquidcrystal.o
    0x08001928   0x08001928   0x00000010   Code   RO            8    i.clear             liquidcrystal.o
    0x08001938   0x08001938   0x0000000e   Code   RO          177    i.command           liquidcrystal.o
    0x08001946   0x08001946   0x00000002   PAD
    0x08001948   0x08001948   0x00000020   Code   RO           11    i.display           liquidcrystal.o
    0x08001968   0x08001968   0x0000012c   Code   RO           12    i.enableClock       liquidcrystal.o
    0x08001a94   0x08001a94   0x00000080   Code   RO           14    i.init              liquidcrystal.o
    0x08001b14   0x08001b14   0x00000094   Code   RO          274    i.main              main.o
    0x08001ba8   0x08001ba8   0x0000003a   Code   RO           20    i.print             liquidcrystal.o
    0x08001be2   0x08001be2   0x00000002   PAD
    0x08001be4   0x08001be4   0x00000048   Code   RO           21    i.pulseEnable       liquidcrystal.o
    0x08001c2c   0x08001c2c   0x0000005c   Code   RO           25    i.send              liquidcrystal.o
    0x08001c88   0x08001c88   0x00000038   Code   RO           26    i.setCursor         liquidcrystal.o
    0x08001cc0   0x08001cc0   0x00000014   Code   RO           27    i.setRowOffsets     liquidcrystal.o
    0x08001cd4   0x08001cd4   0x00000010   Code   RO          182    i.write             liquidcrystal.o
    0x08001ce4   0x08001ce4   0x00000034   Code   RO           28    i.write4bits        liquidcrystal.o
    0x08001d18   0x08001d18   0x00000034   Code   RO           29    i.write8bits        liquidcrystal.o
    0x08001d4c   0x08001d4c   0x0000002c   Code   RO         1176    locale$$code        c_w.l(lc_numeric_c.o)
    0x08001d78   0x08001d78   0x000002b0   Code   RO         1100    x$fpl$ddiv          fz_wm.l(ddiv.o)
    0x08002028   0x08002028   0x0000002e   Code   RO         1104    x$fpl$dflt          fz_wm.l(dflt_clz.o)
    0x08002056   0x08002056   0x0000009c   Code   RO         1119    x$fpl$dnaninf       fz_wm.l(dnaninf.o)
    0x080020f2   0x080020f2   0x0000000c   Code   RO         1121    x$fpl$dretinf       fz_wm.l(dretinf.o)
    0x080020fe   0x080020fe   0x0000000a   Code   RO         1246    x$fpl$fpinit        fz_wm.l(fpinit.o)
    0x08002108   0x08002108   0x00000004   Code   RO         1109    x$fpl$printf1       fz_wm.l(printf1.o)
    0x0800210c   0x0800210c   0x00000000   Code   RO         1123    x$fpl$usenofp       fz_wm.l(usenofp.o)
    0x0800210c   0x0800210c   0x00000094   Data   RO         1151    .constdata          c_w.l(bigflt0.o)
    0x080021a0   0x080021a0   0x00000020   Data   RO         1321    Region$$Table       anon$$obj.o
    0x080021c0   0x080021c0   0x0000001c   Data   RO         1175    locale$$data        c_w.l(lc_numeric_c.o)


    Execution Region RW_IRAM2 (Exec base: 0x10000000, Load base: 0x080021fc, Size: 0x00000000, Max: 0x00002000, ABSOLUTE)

    **** No section assigned to this execution region ****


    Execution Region RW_IRAM1 (Exec base: 0x20000000, Load base: 0x080021dc, Size: 0x00000690, Max: 0x0000c000, ABSOLUTE)

    Exec Addr    Load Addr    Size         Type   Attr      Idx    E Section Name        Object

    0x20000000   0x080021dc   0x00000015   Data   RW           31    .data               liquidcrystal.o
    0x20000015   0x080021f1   0x00000003   PAD
    0x20000018   0x080021f4   0x00000004   Data   RW          325    .data               stm32f3xx_hal.o
    0x2000001c   0x080021f8   0x00000004   Data   RW         1028    .data               system_stm32f3xx.o
    0x20000020        -       0x00000010   Zero   RW           30    .bss                liquidcrystal.o
    0x20000030        -       0x00000060   Zero   RW         1183    .bss                c_w.l(libspace.o)
    0x20000090        -       0x00000200   Zero   RW         1016    HEAP                startup_stm32f303xc.o
    0x20000290        -       0x00000400   Zero   RW         1015    STACK               startup_stm32f303xc.o


==============================================================================

Image component sizes


      Code (inc. data)   RO Data    RW Data    ZI Data      Debug   Object Name

      1452        174          0         21         16     482015   liquidcrystal.o
       156         36          0          0          0       1025   main.o
        64         26        392          0       1536        880   startup_stm32f303xc.o
       140         20          0          4          0       4801   stm32f3xx_hal.o
       272         22          0          0          0      33858   stm32f3xx_hal_cortex.o
       470         28          0          0          0       2496   stm32f3xx_hal_gpio.o
       124         20          0          4          0       1419   system_stm32f3xx.o

    ----------------------------------------------------------------------
      2686        326        424         32       1552     526494   Object Totals
         0          0         32          0          0          0   (incl. Generated)
         8          0          0          3          0          0   (incl. Padding)

    ----------------------------------------------------------------------

      Code (inc. data)   RO Data    RW Data    ZI Data      Debug   Library Member Name

         8          0          0          0          0         68   __main.o
       284          0          0          0          0        156   __printf_wp.o
         0          0          0          0          0          0   __rtentry.o
        12          0          0          0          0          0   __rtentry2.o
         6          0          0          0          0          0   __rtentry4.o
        52          8          0          0          0          0   __scatter.o
        26          0          0          0          0          0   __scatter_copy.o
        28          0          0          0          0          0   __scatter_zi.o
        48          6          0          0          0         96   _printf_char_common.o
         6          0          0          0          0          0   _printf_f.o
      1054          0          0          0          0        216   _printf_fp_dec.o
       128         16          0          0          0         84   _printf_fp_infnan.o
         0          0          0          0          0          0   _printf_percent.o
         4          0          0          0          0          0   _printf_percent_end.o
        10          0          0          0          0         68   _sputc.o
       228          4        148          0          0         96   bigflt0.o
      1936        128          0          0          0        672   btod.o
        18          0          0          0          0         80   exit.o
         6          0          0          0          0        152   heapauxi.o
         0          0          0          0          0          0   indicate_semi.o
        44         10         28          0          0         76   lc_numeric_c.o
         2          0          0          0          0          0   libinit.o
        22          0          0          0          0          0   libinit2.o
         2          0          0          0          0          0   libshutdown.o
         2          0          0          0          0          0   libshutdown2.o
         8          4          0          0         96         68   libspace.o
       138          0          0          0          0         80   lludiv10.o
        40          6          0          0          0         84   noretval__2sprintf.o
         8          4          0          0          0         68   rt_locale_intlibspace.o
         2          0          0          0          0          0   rtexit.o
        10          0          0          0          0          0   rtexit2.o
       128          0          0          0          0         68   strcmpv7m.o
        62          0          0          0          0         76   strlen.o
        12          4          0          0          0         68   sys_exit.o
        74          0          0          0          0         80   sys_stackheap_outer.o
         2          0          0          0          0         68   use_no_semi.o
       688        140          0          0          0        256   ddiv.o
        46          0          0          0          0        116   dflt_clz.o
       156          4          0          0          0        140   dnaninf.o
        12          0          0          0          0        116   dretinf.o
        10          0          0          0          0        116   fpinit.o
         4          0          0          0          0        116   printf1.o
         0          0          0          0          0          0   usenofp.o
        48          0          0          0          0        124   fpclassify.o

    ----------------------------------------------------------------------
      5382        334        176          0         96       3408   Library Totals
         8          0          0          0          0          0   (incl. Padding)

    ----------------------------------------------------------------------

      Code (inc. data)   RO Data    RW Data    ZI Data      Debug   Library Name

      4410        190        176          0         96       2424   c_w.l
       916        144          0          0          0        860   fz_wm.l
        48          0          0          0          0        124   m_wm.l

    ----------------------------------------------------------------------
      5382        334        176          0         96       3408   Library Totals

    ----------------------------------------------------------------------

==============================================================================


      Code (inc. data)   RO Data    RW Data    ZI Data      Debug   

      8068        660        600         32       1648     525402   Grand Totals
      8068        660        600         32       1648     525402   ELF Image Totals
      8068        660        600         32          0          0   ROM Totals

==============================================================================

    Total RO  Size (Code + RO Data)                 8668 (   8.46kB)
    Total RW  Size (RW Data + ZI Data)              1680 (   1.64kB)
    Total ROM Size (Code + RO Data + RW Data)       8700 (   8.50kB)

==============================================================================

